
 Start  Stop   Length Name               Class

 00000H 01249H 0124AH _TEXT              CODE
 0124AH 012DFH 00096H A1B_TEXT           CODE
 012E0H 01521H 00242H BFILE_TEXT         CODE
 01522H 01522H 00000H BRUSH_TEXT         CODE
 01522H 01522H 00000H CURSORDA_TEXT      CODE
 01522H 01998H 00477H DECODER_TEXT       CODE
 01999H 019AEH 00016H DISKERR_TEXT       CODE
 019AFH 01D0FH 00361H DOSSTUFF_TEXT      CODE
 01D10H 021FFH 004F0H FEELMENU_TEXT      CODE
 02200H 02255H 00056H FILEDATA_TEXT      CODE
 02256H 02CBAH 00A65H FILEMENU_TEXT      CODE
 02CBBH 03080H 003C6H FLI_TEXT           CODE
 03081H 035CFH 0054FH GIF_TEXT           CODE
 035D0H 039B6H 003E7H GFX_TEXT           CODE
 039B7H 03B6BH 001B5H INIT_TEXT          CODE
 03B6CH 03CB7H 0014CH INITCMAP_TEXT      CODE
 03CB8H 040B0H 003F9H INPUT_TEXT         CODE
 040B1H 0431DH 0026DH JFILE_TEXT         CODE
 0431EH 04525H 00208H MAIN_TEXT          CODE
 04526H 04526H 00000H MAINPULL_TEXT      CODE
 04526H 046CCH 001A7H MAINMENU_TEXT      CODE
 046CDH 04856H 0018AH STUBS_TEXT         CODE
 04857H 04C30H 003DAH STUBS2_TEXT        CODE
 04C31H 0503EH 0040EH NAMES_TEXT         CODE
 0503FH 055ADH 0056FH PRJ1_TEXT          CODE
 055AEH 05FA3H 009F6H PULL_TEXT          CODE
 05FA4H 06377H 003D4H RFONT_TEXT         CODE
 06378H 06B1AH 007A3H SCROLLER_TEXT      CODE
 06B1BH 074FFH 009E5H SEEME_TEXT         CODE
 07500H 07892H 00393H SEEMENU_TEXT       CODE
 07893H 07893H 00000H SIXHI_TEXT         CODE
 07893H 07C51H 003BFH SHRINKIN_TEXT      CODE
 07C52H 080BFH 0046EH SLIDER_TEXT        CODE
 080C0H 089E8H 00929H STRINGQ_TEXT       CODE
 089E9H 08FBAH 005D2H TEXTBOX_TEXT       CODE
 08FBBH 09B1DH 00B63H VBAT_TEXT          CODE
 09B1EH 0A630H 00B13H VIEW_TEXT          CODE
 0A640H 0CC36H 025F7H EMU_PROG           CODE
 0CC40H 0D056H 00417H E87_PROG           CODE
 0D057H 0D10DH 000B7H FPERR_TEXT         CODE
 0D10EH 0D113H 00006H FPRESET_TEXT       CODE
 0D114H 0D1DBH 000C8H POW10_TEXT         CODE
 0D1DCH 0D38BH 001B0H REALCVT_TEXT       CODE
 0D38CH 0D556H 001CBH XCVT_TEXT          CODE
 0D557H 0D591H 0003BH IOERROR_TEXT       CODE
 0D592H 0D5C5H 00034H EXIT_TEXT          CODE
 0D5C6H 0D5C6H 00000H STKLEN_TEXT        CODE
 0D5C6H 0D5F4H 0002FH ATEXIT_TEXT        CODE
 0D5F5H 0D904H 00310H FMALLOC_TEXT       CODE
 0D905H 0DA56H 00152H FBRK_TEXT          CODE
 0DA57H 0DA76H 00020H SETBLOCK_TEXT      CODE
 0DA77H 0DA77H 00000H CTYPE_TEXT         CODE
 0DA77H 0DD41H 002CBH FOPEN_TEXT         CODE
 0DD42H 0DEE1H 001A0H OPEN_TEXT          CODE
 0DEE2H 0DF2EH 0004DH OPENA_TEXT         CODE
 0DF2FH 0DF2FH 00000H FILES_TEXT         CODE
 0DF2FH 0DF2FH 00000H FILES2_TEXT        CODE
 0DF2FH 0DF2FH 00000H FMODE_TEXT         CODE
 0DF2FH 0E07BH 0014DH FSEEK_TEXT         CODE
 0E07CH 0E2CCH 00251H GETC_TEXT          CODE
 0E2CDH 0E2F9H 0002DH IOCTL_TEXT         CODE
 0E2FAH 0E311H 00018H ISATTY_TEXT        CODE
 0E312H 0E453H 00142H SETVBUF_TEXT       CODE
 0E454H 0E523H 000D0H FCLOSE_TEXT        CODE
 0E524H 0E554H 00031H CLOSE_TEXT         CODE
 0E555H 0E57AH 00026H CLOSEA_TEXT        CODE
 0E57BH 0E5B2H 00038H XFCLOSE_TEXT       CODE
 0E5B3H 0E5ECH 0003AH XFFLUSH_TEXT       CODE
 0E5EDH 0E6B1H 000C5H READ_TEXT          CODE
 0E6B2H 0E6D1H 00020H READA_TEXT         CODE
 0E6D2H 0E837H 00166H WRITE_TEXT         CODE
 0E838H 0E883H 0004CH WRITEA_TEXT        CODE
 0E884H 0E8C2H 0003FH ACCESS_TEXT        CODE
 0E8C3H 0E8EFH 0002DH LSEEK_TEXT         CODE
 0E8F0H 0E9EBH 000FCH LTOA_TEXT          CODE
 0E9ECH 0EA9BH 000B0H TMPNAM_TEXT        CODE
 0EA9CH 0EAB7H 0001CH UNLINK_TEXT        CODE
 0EAB8H 0EAF9H 00042H STRCAT_TEXT        CODE
 0EAFAH 0EB14H 0001BH STRLEN_TEXT        CODE
 0EB15H 0EB46H 00032H STRCMP_TEXT        CODE
 0EB47H 0EB6FH 00029H STRCPY_TEXT        CODE
 0EB70H 0EB95H 00026H MEMCPY_TEXT        CODE
 0EB96H 0EBDAH 00045H MEMSET_TEXT        CODE
 0EBDBH 0EBFBH 00021H CHMODA_TEXT        CODE
 0EBFCH 0EC6BH 00070H EOF_TEXT           CODE
 0EC6CH 0ED53H 000E8H FFLUSH_TEXT        CODE
 0ED54H 0ED77H 00024H PRINTF_TEXT        CODE
 0ED78H 0F042H 002CBH PUTC_TEXT          CODE
 0F043H 0F08DH 0004BH PUTS_TEXT          CODE
 0F08EH 0F5DFH 00552H VPRINTER_TEXT      CODE
 0F5E0H 0F903H 00324H FFREE_TEXT         CODE
 0F904H 0F99FH 0009CH FGETS_TEXT         CODE
 0F9A0H 0F9C4H 00025H FPRINTF_TEXT       CODE
 0F9C5H 0FA4EH 0008AH ATOL_TEXT          CODE
 0FA50H 0FB07H 000B8H DELAY_TEXT         CODE
 0FB08H 0FB25H 0001EH DIFFTIME_TEXT      CODE
 0FB26H 0FB51H 0002CH GETDATE_TEXT       CODE
 0FB52H 0FBC4H 00073H GETENV_TEXT        CODE
 0FBC5H 0FBE7H 00023H GETVECT_TEXT       CODE
 0FBE8H 0FC8EH 000A7H HARDERR_TEXT       CODE
 0FC8FH 0FCB8H 0002AH SETDATE_TEXT       CODE
 0FCB9H 0FCB9H 00000H SIGDATA_TEXT       CODE
 0FCB9H 0FCEBH 00033H SOUND_TEXT         CODE
 0FCECH 0FD71H 00086H SPRINTF_TEXT       CODE
 0FD72H 0FE0DH 0009CH STIME_TEXT         CODE
 0FE0EH 0FE40H 00033H STRNCPY_TEXT       CODE
 0FE41H 0FEAFH 0006FH STRSTR_TEXT        CODE
 0FEB0H 10206H 00357H TIMECVT_TEXT       CODE
 10207H 10237H 00031H TOUPPER_TEXT       CODE
 10238H 104F6H 002BFH TZSET_TEXT         CODE
 104F7H 1055EH 00068H UNGETC_TEXT        CODE
 1055FH 10574H 00016H BDOS_TEXT          CODE
 10575H 105AEH 0003AH BIOSKEY_TEXT       CODE
 105B0H 12585H 01FD6H _DATA              DATA
 12586H 12589H 00004H _EMUSEG            DATA
 1258AH 1258BH 00002H _CRTSEG            DATA
 1258CH 12593H 00008H _CVTSEG            DATA
 12594H 1259FH 0000CH _SCNSEG            DATA
 125A0H 1303DH 00A9EH _BSS               BSS
 1303EH 1303EH 00000H _BSSEND            STACK
 13040H 13125H 000E6H _STACK             STACK
 13126H 13126H 00000H CONST              CONST

Program entry point at 0000:0000

