PICDRIVE\*.c
PICDRIVE\*.cc
PICDRIVE\*.h
PICDRIVE\*.asm
PICDRIVE\*.i*
PICDRIVE\*.lnk
PICDRIVE\*.bat
PICDRIVE\*.mak
PICDRIVE\makefile
PICDRIVE\makefile.*
PICDRIVE\tagslist
PICDRIVE\*.mac
PICDRIVE\*.poc
PICDRIVE\*.doc
PICDRIVE\*.obs
PICDRIVE\*.cpy
PICDRIVE\ANIM\*.c
PICDRIVE\ANIM\*.cc
PICDRIVE\ANIM\*.h
PICDRIVE\ANIM\*.asm
PICDRIVE\ANIM\*.i*
PICDRIVE\ANIM\*.lnk
PICDRIVE\ANIM\*.bat
PICDRIVE\ANIM\*.mak
PICDRIVE\ANIM\makefile
PICDRIVE\ANIM\makefile.*
PICDRIVE\ANIM\tagslist
PICDRIVE\ANIM\*.mac
PICDRIVE\ANIM\*.poc
PICDRIVE\ANIM\*.doc
PICDRIVE\ANIM\*.obs
PICDRIVE\ANIM\*.cpy
PICDRIVE\BMP\*.c
PICDRIVE\BMP\*.cc
PICDRIVE\BMP\*.h
PICDRIVE\BMP\*.asm
PICDRIVE\BMP\*.i*
PICDRIVE\BMP\*.lnk
PICDRIVE\BMP\*.bat
PICDRIVE\BMP\*.mak
PICDRIVE\BMP\makefile
PICDRIVE\BMP\makefile.*
PICDRIVE\BMP\tagslist
PICDRIVE\BMP\*.mac
PICDRIVE\BMP\*.poc
PICDRIVE\BMP\*.doc
PICDRIVE\BMP\*.obs
PICDRIVE\BMP\*.cpy
PICDRIVE\DEGAS\*.c
PICDRIVE\DEGAS\*.cc
PICDRIVE\DEGAS\*.h
PICDRIVE\DEGAS\*.asm
PICDRIVE\DEGAS\*.i*
PICDRIVE\DEGAS\*.lnk
PICDRIVE\DEGAS\*.bat
PICDRIVE\DEGAS\*.mak
PICDRIVE\DEGAS\makefile
PICDRIVE\DEGAS\makefile.*
PICDRIVE\DEGAS\tagslist
PICDRIVE\DEGAS\*.mac
PICDRIVE\DEGAS\*.poc
PICDRIVE\DEGAS\*.doc
PICDRIVE\DEGAS\*.obs
PICDRIVE\DEGAS\*.cpy
PICDRIVE\FLILO\*.c
PICDRIVE\FLILO\*.cc
PICDRIVE\FLILO\*.h
PICDRIVE\FLILO\*.asm
PICDRIVE\FLILO\*.i*
PICDRIVE\FLILO\*.lnk
PICDRIVE\FLILO\*.bat
PICDRIVE\FLILO\*.mak
PICDRIVE\FLILO\makefile
PICDRIVE\FLILO\makefile.*
PICDRIVE\FLILO\tagslist
PICDRIVE\FLILO\*.mac
PICDRIVE\FLILO\*.poc
PICDRIVE\FLILO\*.doc
PICDRIVE\FLILO\*.obs
PICDRIVE\FLILO\*.cpy
PICDRIVE\GIF\*.c
PICDRIVE\GIF\*.cc
PICDRIVE\GIF\*.h
PICDRIVE\GIF\*.asm
PICDRIVE\GIF\*.i*
PICDRIVE\GIF\*.lnk
PICDRIVE\GIF\*.bat
PICDRIVE\GIF\*.mak
PICDRIVE\GIF\makefile
PICDRIVE\GIF\makefile.*
PICDRIVE\GIF\tagslist
PICDRIVE\GIF\*.mac
PICDRIVE\GIF\*.poc
PICDRIVE\GIF\*.doc
PICDRIVE\GIF\*.obs
PICDRIVE\GIF\*.cpy
PICDRIVE\HOST\*.c
PICDRIVE\HOST\*.cc
PICDRIVE\HOST\*.h
PICDRIVE\HOST\*.asm
PICDRIVE\HOST\*.i*
PICDRIVE\HOST\*.lnk
PICDRIVE\HOST\*.bat
PICDRIVE\HOST\*.mak
PICDRIVE\HOST\makefile
PICDRIVE\HOST\makefile.*
PICDRIVE\HOST\tagslist
PICDRIVE\HOST\*.mac
PICDRIVE\HOST\*.poc
PICDRIVE\HOST\*.doc
PICDRIVE\HOST\*.obs
PICDRIVE\HOST\*.cpy
PICDRIVE\INC\*.c
PICDRIVE\INC\*.cc
PICDRIVE\INC\*.h
PICDRIVE\INC\*.asm
PICDRIVE\INC\*.i*
PICDRIVE\INC\*.lnk
PICDRIVE\INC\*.bat
PICDRIVE\INC\*.mak
PICDRIVE\INC\makefile
PICDRIVE\INC\makefile.*
PICDRIVE\INC\tagslist
PICDRIVE\INC\*.mac
PICDRIVE\INC\*.poc
PICDRIVE\INC\*.doc
PICDRIVE\INC\*.obs
PICDRIVE\INC\*.cpy
PICDRIVE\LIB\*.c
PICDRIVE\LIB\*.cc
PICDRIVE\LIB\*.h
PICDRIVE\LIB\*.asm
PICDRIVE\LIB\*.i*
PICDRIVE\LIB\*.lnk
PICDRIVE\LIB\*.bat
PICDRIVE\LIB\*.mak
PICDRIVE\LIB\makefile
PICDRIVE\LIB\makefile.*
PICDRIVE\LIB\tagslist
PICDRIVE\LIB\*.mac
PICDRIVE\LIB\*.poc
PICDRIVE\LIB\*.doc
PICDRIVE\LIB\*.obs
PICDRIVE\LIB\*.cpy
PICDRIVE\LBM\*.c
PICDRIVE\LBM\*.cc
PICDRIVE\LBM\*.h
PICDRIVE\LBM\*.asm
PICDRIVE\LBM\*.i*
PICDRIVE\LBM\*.lnk
PICDRIVE\LBM\*.bat
PICDRIVE\LBM\*.mak
PICDRIVE\LBM\makefile
PICDRIVE\LBM\makefile.*
PICDRIVE\LBM\tagslist
PICDRIVE\LBM\*.mac
PICDRIVE\LBM\*.poc
PICDRIVE\LBM\*.doc
PICDRIVE\LBM\*.obs
PICDRIVE\LBM\*.cpy
PICDRIVE\MAC\*.c
PICDRIVE\MAC\*.cc
PICDRIVE\MAC\*.h
PICDRIVE\MAC\*.asm
PICDRIVE\MAC\*.i*
PICDRIVE\MAC\*.lnk
PICDRIVE\MAC\*.bat
PICDRIVE\MAC\*.mak
PICDRIVE\MAC\makefile
PICDRIVE\MAC\makefile.*
PICDRIVE\MAC\tagslist
PICDRIVE\MAC\*.mac
PICDRIVE\MAC\*.poc
PICDRIVE\MAC\*.doc
PICDRIVE\MAC\*.obs
PICDRIVE\MAC\*.cpy
PICDRIVE\MOV\*.c
PICDRIVE\MOV\*.cc
PICDRIVE\MOV\*.h
PICDRIVE\MOV\*.asm
PICDRIVE\MOV\*.i*
PICDRIVE\MOV\*.lnk
PICDRIVE\MOV\*.bat
PICDRIVE\MOV\*.mak
PICDRIVE\MOV\makefile
PICDRIVE\MOV\makefile.*
PICDRIVE\MOV\tagslist
PICDRIVE\MOV\*.mac
PICDRIVE\MOV\*.poc
PICDRIVE\MOV\*.doc
PICDRIVE\MOV\*.obs
PICDRIVE\MOV\*.cpy
PICDRIVE\NEO\*.c
PICDRIVE\NEO\*.cc
PICDRIVE\NEO\*.h
PICDRIVE\NEO\*.asm
PICDRIVE\NEO\*.i*
PICDRIVE\NEO\*.lnk
PICDRIVE\NEO\*.bat
PICDRIVE\NEO\*.mak
PICDRIVE\NEO\makefile
PICDRIVE\NEO\makefile.*
PICDRIVE\NEO\tagslist
PICDRIVE\NEO\*.mac
PICDRIVE\NEO\*.poc
PICDRIVE\NEO\*.doc
PICDRIVE\NEO\*.obs
PICDRIVE\NEO\*.cpy
