POCO\*.c
POCO\*.cc
POCO\*.h
POCO\*.asm
POCO\*.i*
POCO\*.lnk
POCO\*.bat
POCO\*.mak
POCO\makefile
POCO\makefile.*
POCO\tagslist
POCO\*.mac
POCO\*.poc
POCO\*.doc
POCO\*.obs
POCO\*.cpy
POCO\CALLGLUE\*.c
POCO\CALLGLUE\*.cc
POCO\CALLGLUE\*.h
POCO\CALLGLUE\*.asm
POCO\CALLGLUE\*.i*
POCO\CALLGLUE\*.lnk
POCO\CALLGLUE\*.bat
POCO\CALLGLUE\*.mak
POCO\CALLGLUE\makefile
POCO\CALLGLUE\makefile.*
POCO\CALLGLUE\tagslist
POCO\CALLGLUE\*.mac
POCO\CALLGLUE\*.poc
POCO\CALLGLUE\*.doc
POCO\CALLGLUE\*.obs
POCO\CALLGLUE\*.cpy
POCO\TEST\*.c
POCO\TEST\*.cc
POCO\TEST\*.h
POCO\TEST\*.asm
POCO\TEST\*.i*
POCO\TEST\*.lnk
POCO\TEST\*.bat
POCO\TEST\*.mak
POCO\TEST\makefile
POCO\TEST\makefile.*
POCO\TEST\tagslist
POCO\TEST\*.mac
POCO\TEST\*.poc
POCO\TEST\*.doc
POCO\TEST\*.obs
POCO\TEST\*.cpy
POCO\TEST\NEG\*.c
POCO\TEST\NEG\*.cc
POCO\TEST\NEG\*.h
POCO\TEST\NEG\*.asm
POCO\TEST\NEG\*.i*
POCO\TEST\NEG\*.lnk
POCO\TEST\NEG\*.bat
POCO\TEST\NEG\*.mak
POCO\TEST\NEG\makefile
POCO\TEST\NEG\makefile.*
POCO\TEST\NEG\tagslist
POCO\TEST\NEG\*.mac
POCO\TEST\NEG\*.poc
POCO\TEST\NEG\*.doc
POCO\TEST\NEG\*.obs
POCO\TEST\NEG\*.cpy
POCO\TEST\POS\*.c
POCO\TEST\POS\*.cc
POCO\TEST\POS\*.h
POCO\TEST\POS\*.asm
POCO\TEST\POS\*.i*
POCO\TEST\POS\*.lnk
POCO\TEST\POS\*.bat
POCO\TEST\POS\*.mak
POCO\TEST\POS\makefile
POCO\TEST\POS\makefile.*
POCO\TEST\POS\tagslist
POCO\TEST\POS\*.mac
POCO\TEST\POS\*.poc
POCO\TEST\POS\*.doc
POCO\TEST\POS\*.obs
POCO\TEST\POS\*.cpy
