Module: blit8.asm
GROUP: 'DGROUP' CONST,_BSS,_DATA

Segment: _TEXT BYTE USE16 00000087 bytes
0000                          _blit8:
0000    55                        push        bp 
0001    8B EC                     mov         bp,sp 
0003    83 EC 08                  sub         sp,0x0008 
0006    06                        push        es 
0007    1E                        push        ds 
0008    56                        push        si 
0009    57                        push        di 
000A    53                        push        bx 
000B    51                        push        cx 
000C    9A 00 00 00 00            call        _TEXT:clipblit 
0011    72 6A                     jb          L$3 
0013    8B 46 12                  mov         ax,word ptr 0x12[bp] 
0016    25 0F 00                  and         ax,0x000f 
0019    89 46 FE                  mov         word ptr -0x2[bp],ax 
001C    8B 46 12                  mov         ax,word ptr 0x12[bp] 
001F    B9 04 00                  mov         cx,0x0004 
0022    D3 E8                     shr         ax,cl 
0024    89 46 FC                  mov         word ptr -0x4[bp],ax 
0027    C5 76 0E                  lds         si,dword ptr 0xe[bp] 
002A    8B 46 0C                  mov         ax,word ptr 0xc[bp] 
002D    8B 5E FE                  mov         bx,word ptr -0x2[bp] 
0030    F7 E3                     mul         bx 
0032    03 F0                     add         si,ax 
0034    03 76 0A                  add         si,word ptr 0xa[bp] 
0037    8B 46 0C                  mov         ax,word ptr 0xc[bp] 
003A    8B 5E FC                  mov         bx,word ptr -0x4[bp] 
003D    F7 E3                     mul         bx 
003F    8C DA                     mov         dx,ds 
0041    03 D0                     add         dx,ax 
0043    8E DA                     mov         ds,dx 
0045    C4 7E 18                  les         di,dword ptr 0x18[bp] 
0048    8B 46 16                  mov         ax,word ptr 0x16[bp] 
004B    8B 5E 1C                  mov         bx,word ptr 0x1c[bp] 
004E    F7 E3                     mul         bx 
0050    03 F8                     add         di,ax 
0052    03 7E 14                  add         di,word ptr 0x14[bp] 
0055    8B DE                     mov         bx,si 
0057    8B D7                     mov         dx,di 
0059    FC                        cld         
005A    EB 1A                     jmp         L$2 
005C    90                        nop         
005D    EB 1E                     jmp         L$3 
005F    90                        nop         
0060                          L$1:
0060    8B 4E 06                  mov         cx,word ptr 0x6[bp] 
0063    8B F3                     mov         si,bx 
0065    8B FA                     mov         di,dx 
0067    F3 A4                     rep movsb   
0069    03 5E FE                  add         bx,word ptr -0x2[bp] 
006C    8C DE                     mov         si,ds 
006E    03 76 FC                  add         si,word ptr -0x4[bp] 
0071    8E DE                     mov         ds,si 
0073    03 56 1C                  add         dx,word ptr 0x1c[bp] 
0076                          L$2:
0076    FF 4E 08                  dec         word ptr 0x8[bp] 
0079    78 02                     js          L$3 
007B    EB E3                     jmp         L$1 
007D                          L$3:
007D    59                        pop         cx 
007E    5B                        pop         bx 
007F    5F                        pop         di 
0080    5E                        pop         si 
0081    1F                        pop         ds 
0082    07                        pop         es 
0083    8B E5                     mov         sp,bp 
0085    5D                        pop         bp 
0086    CB                        retf        

Routine Size: 135 bytes,    Routine Base: _TEXT + 0000

No disassembly errors

Segment: _DATA WORD USE16 00000000 bytes

Segment: CONST WORD USE16 00000000 bytes

Segment: _BSS WORD USE16 00000000 bytes

BSS Size: 0 bytes

