
PLINK86plus 2.11. 
Memory Map for CONVERT.EXE  1/07/92                                    Page 1  


Run Time Memory Requirements:
    
    Name        bytes
    CONVERT.EX  0x11F20  or  72 Kb 


Number of vectors: 0x78  (120)



Groups:
    
    Name        Address  Size  DSalloc
    DGROUP        DD00   4220         


Segments:
    Section Root:  Maddr=0, Msize=A1B0, Daddr=1000, Lev=0, Ovly#=0
        
        Name         Addr   Size   Name         Addr   Size
         _TEXT.COD      0    B32    A1B_TEXT.    B32     96
         BFILE_TEX    BC8    43F    BLIT_TEXT   1007    785
         BRUSH_TEX   178C      0    CEL_TEXT.   178C    4C0
         CPACK_TEX   1C4C    2B5    CROP_TEXT   1F01    B69
         CROPPULL_   2A6A     30    CURSORDA_   2A9A      0
         DISKERR_T   2A9A     14    DOSSTUFF_   2AAE    1FA
         FEELMENU_   2CA8    5FB    GFX_TEXT.   32A3    3AC
         GLOBALS_T   364F      0    INIT_TEXT   364F    15E
         INITCMAP_   37AD    14A    INPUT_TEX   38F7    373
         JFILE_TEX   3C6A    4DD    MAIN_TEXT   4147    358
         MEMORY_TE   449F    70B    NAMES_TEX   4BAA    41B
         RFONT_TEX   4FC5    1BB    RGBCMAP_T   5180    876
         SCREEN_TE   59F6    13D    SEEME_TEX   5B33    75A
         SEEMENU_T   628D    2CB    SIXHI_TEX   6558      0
         SLIDER_TE   6558    452    STRINGQ_T   69AA    89E
         STUBS_TEX   7248     F7    FOOLWCC2_   733F     2F
         EXIT_TEXT   736E     34    STKLEN_TE   73A2      0
         SPRINTF_T   73A2     86    HARDERR_T   7428     A7
         CTYPE_TEX   74CF      0    FILES_TEX   74CF      0
         STRCPY_TE   74CF     29    PUTS_TEXT   74F8     4B
         GETC_TEXT   7543    251    CLOCK_TEX   7794     38
         STRLEN_TE   77CC     1B    PRINTF_TE   77E7     24
         STRCMP_TE   780B     32    STRCAT_TE   783D     42
         ATOL_TEXT   787F     8A    SETJMP_TE   7909     6C
         STRNCMP_T   7975     3A    FMALLOC_T   79AF    310
         ATEXIT_TE   7CBF     2F    VPRINTER_   7CEE    552
         MEMCPY_TE   8240     26    GETVECT_T   8266     23
         BDOS_TEXT   8289     16    PUTC_TEXT   829F    2CB
         SETVBUF_T   856A    142    ISATTY_TE   86AC     18
         FFLUSH_TE   86C4     E8    READA_TEX   87AC     20
         READ_TEXT   87CC     C5    EOF_TEXT.   8891     70
         FBRK_TEXT   8901    152    LTOA_TEXT   8A53     FC
         WRITEA_TE   8B4F     4C    XFFLUSH_T   8B9B     3A
         FSEEK_TEX   8BD5    14D    FFREE_TEX   8D22    324
         WRITE_TEX   9046    166    IOERROR_T   91AC     3B
         FILES2_TE   91E7      0    LSEEK_TEX   91E7     2D
         SETBLOCK_   9214     20    $OVTB$.LO   9240    704
         OVDATA.OV   9950    279    OVCODE.OV   9BD0    5DB

    Section :  Maddr=A1B0, Msize=5C0, Daddr=B230, Lev=1, Ovly#=1

PLINK86plus 2.11. 
Memory Map for CONVERT.EXE  1/07/92                                    Page 2  

        
        Name         Addr   Size   Name         Addr   Size
         TEXTBOX_T   A1B0    5B3

    Section :  Maddr=A1B0, Msize=1250, Daddr=B9E0, Lev=1, Ovly#=2
         FILEDATA_   A1B0      0    FILEMENU_   A1B0    A6D
         SCROLLER_   AC1D    7D4

    Section :  Maddr=A1B0, Msize=F00, Daddr=CD20, Lev=1, Ovly#=3
         PULL_TEXT   A1B0    89F    QNUMBER_T   AA4F    168
         CHOICES_T   ABB7    268    WORDWRAP_   AE1F    282

    Section :  Maddr=B400, Msize=E10, Daddr=DDA0, Lev=1, Ovly#=4
         SCALE_TEX   B400    E0D

    Section :  Maddr=B400, Msize=420, Daddr=EC30, Lev=1, Ovly#=5
         SLIDE_TEX   B400    416

    Section :  Maddr=C210, Msize=A0, Daddr=F060, Lev=1, Ovly#=6
         MMOUSE_TE   C210     99

    Section :  Maddr=C210, Msize=260, Daddr=F120, Lev=1, Ovly#=7
         SUMMA_TEX   C210    260

    Section :  Maddr=C470, Msize=D70, Daddr=F450, Lev=1, Ovly#=8
         _TEXT.COD   C470    1E1    FCCOMP_TE   C651    16A
         LCCOMP_TE   C7BB    4B7    WRITEFLI_   CC72    566

    Section :  Maddr=C470, Msize=570, Daddr=10240, Lev=1, Ovly#=9
         COMPRS_TE   C470    3B5    WRITEGIF_   C825    1AE

    Section :  Maddr=D1E0, Msize=8C0, Daddr=10880, Lev=1, Ovly#=10
         DECODER_T   D1E0    44C    GIF_TEXT.   D62C    473

    Section :  Maddr=D1E0, Msize=830, Daddr=11220, Lev=1, Ovly#=11
         PCX_TEXT.   D1E0    829

    Section :  Maddr=D1E0, Msize=700, Daddr=11B00, Lev=1, Ovly#=12
         SEQ_TEXT.   D1E0    6F3

    Section :  Maddr=D1E0, Msize=4B0, Daddr=122B0, Lev=1, Ovly#=13
         MACPIC_TE   D1E0    4A1

    Section :  Maddr=D1E0, Msize=560, Daddr=12810, Lev=1, Ovly#=14
         AMIGAPIC_   D1E0    560

    Section :  Maddr=D1E0, Msize=190, Daddr=12D70, Lev=1, Ovly#=15
         UNRIF_TEX   D1E0    183

    Section :  Maddr=D370, Msize=990, Daddr=13000, Lev=2, Ovly#=16
         ANIM_TEXT   D370    988

    Section :  Maddr=D370, Msize=580, Daddr=13A50, Lev=2, Ovly#=17
         READRIF_T   D370    57A

    Section :  Maddr=D1E0, Msize=4E0, Daddr=14050, Lev=1, Ovly#=18
         _TEXT.COD   D1E0     4F    FLI_TEXT.   D22F    482

    Section :  Maddr=D1E0, Msize=4E0, Daddr=145B0, Lev=1, Ovly#=19
         STPIC_TEX   D1E0    4DB


PLINK86plus 2.11. 
Memory Map for CONVERT.EXE  1/07/92                                    Page 3  

    Section :  Maddr=D1E0, Msize=8E0, Daddr=14B70, Lev=1, Ovly#=20
        
        Name         Addr   Size   Name         Addr   Size
         VISION_TE   D1E0    8D5

    Section :  Maddr=DD00, Msize=4220, Daddr=158F0, Lev=0, Ovly#=21, Pre-Loaded
         _DATA.DAT   DD00   2C41    _EMUSEG.D  10942      4
         _CRTSEG.D  10946      2    _CVTSEG.D  10948      4
         _SCNSEG.D  1094C      C    _BSS.BSS   10958   14D0
         _BSSEND.S  11E28      0    _STACK.ST  11E30     E6
         CONST.CON  11F16      0

