RASTLIB\*.c
RASTLIB\*.cc
RASTLIB\*.h
RASTLIB\*.asm
RASTLIB\*.i*
RASTLIB\*.lnk
RASTLIB\*.bat
RASTLIB\*.mak
RASTLIB\makefile
RASTLIB\makefile.*
RASTLIB\tagslist
RASTLIB\*.mac
RASTLIB\*.poc
RASTLIB\*.doc
RASTLIB\*.obs
RASTLIB\*.cpy
REXLIB\*.c
REXLIB\*.cc
REXLIB\*.h
REXLIB\*.asm
REXLIB\*.i*
REXLIB\*.lnk
REXLIB\*.bat
REXLIB\*.mak
REXLIB\makefile
REXLIB\makefile.*
REXLIB\tagslist
REXLIB\*.mac
REXLIB\*.poc
REXLIB\*.doc
REXLIB\*.obs
REXLIB\*.cpy
REXLIB\GFXLIB\*.c
REXLIB\GFXLIB\*.cc
REXLIB\GFXLIB\*.h
REXLIB\GFXLIB\*.asm
REXLIB\GFXLIB\*.i*
REXLIB\GFXLIB\*.lnk
REXLIB\GFXLIB\*.bat
REXLIB\GFXLIB\*.mak
REXLIB\GFXLIB\makefile
REXLIB\GFXLIB\makefile.*
REXLIB\GFXLIB\tagslist
REXLIB\GFXLIB\*.mac
REXLIB\GFXLIB\*.poc
REXLIB\GFXLIB\*.doc
REXLIB\GFXLIB\*.obs
REXLIB\GFXLIB\*.cpy
REXLIB\INC\*.c
REXLIB\INC\*.cc
REXLIB\INC\*.h
REXLIB\INC\*.asm
REXLIB\INC\*.i*
REXLIB\INC\*.lnk
REXLIB\INC\*.bat
REXLIB\INC\*.mak
REXLIB\INC\makefile
REXLIB\INC\makefile.*
REXLIB\INC\tagslist
REXLIB\INC\*.mac
REXLIB\INC\*.poc
REXLIB\INC\*.doc
REXLIB\INC\*.obs
REXLIB\INC\*.cpy
REXLIB\MATHLIB\*.c
REXLIB\MATHLIB\*.cc
REXLIB\MATHLIB\*.h
REXLIB\MATHLIB\*.asm
REXLIB\MATHLIB\*.i*
REXLIB\MATHLIB\*.lnk
REXLIB\MATHLIB\*.bat
REXLIB\MATHLIB\*.mak
REXLIB\MATHLIB\makefile
REXLIB\MATHLIB\makefile.*
REXLIB\MATHLIB\tagslist
REXLIB\MATHLIB\*.mac
REXLIB\MATHLIB\*.poc
REXLIB\MATHLIB\*.doc
REXLIB\MATHLIB\*.obs
REXLIB\MATHLIB\*.cpy
REXLIB\REXHOST\*.c
REXLIB\REXHOST\*.cc
REXLIB\REXHOST\*.h
REXLIB\REXHOST\*.asm
REXLIB\REXHOST\*.i*
REXLIB\REXHOST\*.lnk
REXLIB\REXHOST\*.bat
REXLIB\REXHOST\*.mak
REXLIB\REXHOST\makefile
REXLIB\REXHOST\makefile.*
REXLIB\REXHOST\tagslist
REXLIB\REXHOST\*.mac
REXLIB\REXHOST\*.poc
REXLIB\REXHOST\*.doc
REXLIB\REXHOST\*.obs
REXLIB\REXHOST\*.cpy
REXLIB\STDIOLIB\*.c
REXLIB\STDIOLIB\*.cc
REXLIB\STDIOLIB\*.h
REXLIB\STDIOLIB\*.asm
REXLIB\STDIOLIB\*.i*
REXLIB\STDIOLIB\*.lnk
REXLIB\STDIOLIB\*.bat
REXLIB\STDIOLIB\*.mak
REXLIB\STDIOLIB\makefile
REXLIB\STDIOLIB\makefile.*
REXLIB\STDIOLIB\tagslist
REXLIB\STDIOLIB\*.mac
REXLIB\STDIOLIB\*.poc
REXLIB\STDIOLIB\*.doc
REXLIB\STDIOLIB\*.obs
REXLIB\STDIOLIB\*.cpy
REXLIB\SYSLIB\*.c
REXLIB\SYSLIB\*.cc
REXLIB\SYSLIB\*.h
REXLIB\SYSLIB\*.asm
REXLIB\SYSLIB\*.i*
REXLIB\SYSLIB\*.lnk
REXLIB\SYSLIB\*.bat
REXLIB\SYSLIB\*.mak
REXLIB\SYSLIB\makefile
REXLIB\SYSLIB\makefile.*
REXLIB\SYSLIB\tagslist
REXLIB\SYSLIB\*.mac
REXLIB\SYSLIB\*.poc
REXLIB\SYSLIB\*.doc
REXLIB\SYSLIB\*.obs
REXLIB\SYSLIB\*.cpy
SOFTMENU\*.c
SOFTMENU\*.cc
SOFTMENU\*.h
SOFTMENU\*.asm
SOFTMENU\*.i*
SOFTMENU\*.lnk
SOFTMENU\*.bat
SOFTMENU\*.mak
SOFTMENU\makefile
SOFTMENU\makefile.*
SOFTMENU\tagslist
SOFTMENU\*.mac
SOFTMENU\*.poc
SOFTMENU\*.doc
SOFTMENU\*.obs
SOFTMENU\*.cpy
TRUEPDR\*.c
TRUEPDR\*.cc
TRUEPDR\*.h
TRUEPDR\*.asm
TRUEPDR\*.i*
TRUEPDR\*.lnk
TRUEPDR\*.bat
TRUEPDR\*.mak
TRUEPDR\makefile
TRUEPDR\makefile.*
TRUEPDR\tagslist
TRUEPDR\*.mac
TRUEPDR\*.poc
TRUEPDR\*.doc
TRUEPDR\*.obs
TRUEPDR\*.cpy
TRUEPDR\HOST\*.c
TRUEPDR\HOST\*.cc
TRUEPDR\HOST\*.h
TRUEPDR\HOST\*.asm
TRUEPDR\HOST\*.i*
TRUEPDR\HOST\*.lnk
TRUEPDR\HOST\*.bat
TRUEPDR\HOST\*.mak
TRUEPDR\HOST\makefile
TRUEPDR\HOST\makefile.*
TRUEPDR\HOST\tagslist
TRUEPDR\HOST\*.mac
TRUEPDR\HOST\*.poc
TRUEPDR\HOST\*.doc
TRUEPDR\HOST\*.obs
TRUEPDR\HOST\*.cpy
TRUEPDR\TARGA\*.c
TRUEPDR\TARGA\*.cc
TRUEPDR\TARGA\*.h
TRUEPDR\TARGA\*.asm
TRUEPDR\TARGA\*.i*
TRUEPDR\TARGA\*.lnk
TRUEPDR\TARGA\*.bat
TRUEPDR\TARGA\*.mak
TRUEPDR\TARGA\makefile
TRUEPDR\TARGA\makefile.*
TRUEPDR\TARGA\tagslist
TRUEPDR\TARGA\*.mac
TRUEPDR\TARGA\*.poc
TRUEPDR\TARGA\*.doc
TRUEPDR\TARGA\*.obs
TRUEPDR\TARGA\*.cpy
UTIL\*.c
UTIL\*.cc
UTIL\*.h
UTIL\*.asm
UTIL\*.i*
UTIL\*.lnk
UTIL\*.bat
UTIL\*.mak
UTIL\makefile
UTIL\makefile.*
UTIL\tagslist
UTIL\*.mac
UTIL\*.poc
UTIL\*.doc
UTIL\*.obs
UTIL\*.cpy
WNDO\*.c
WNDO\*.cc
WNDO\*.h
WNDO\*.asm
WNDO\*.i*
WNDO\*.lnk
WNDO\*.bat
WNDO\*.mak
WNDO\makefile
WNDO\makefile.*
WNDO\tagslist
WNDO\*.mac
WNDO\*.poc
WNDO\*.doc
WNDO\*.obs
WNDO\*.cpy
TEST\*.c
TEST\*.cc
TEST\*.h
TEST\*.asm
TEST\*.i*
TEST\*.lnk
TEST\*.bat
TEST\*.mak
TEST\makefile
TEST\makefile.*
TEST\tagslist
TEST\*.mac
TEST\*.poc
TEST\*.doc
TEST\*.obs
TEST\*.cpy
