CONVERT\*.c
CONVERT\*.cc
CONVERT\*.h
CONVERT\*.asm
CONVERT\*.i*
CONVERT\*.lnk
CONVERT\*.bat
CONVERT\*.mak
CONVERT\makefile
CONVERT\makefile.*
CONVERT\tagslist
CONVERT\*.mac
CONVERT\*.poc
CONVERT\*.doc
CONVERT\*.obs
CONVERT\*.cpy
FILEIO\*.c
FILEIO\*.cc
FILEIO\*.h
FILEIO\*.asm
FILEIO\*.i*
FILEIO\*.lnk
FILEIO\*.bat
FILEIO\*.mak
FILEIO\makefile
FILEIO\makefile.*
FILEIO\tagslist
FILEIO\*.mac
FILEIO\*.poc
FILEIO\*.doc
FILEIO\*.obs
FILEIO\*.cpy
FLI\*.c
FLI\*.cc
FLI\*.h
FLI\*.asm
FLI\*.i*
FLI\*.lnk
FLI\*.bat
FLI\*.mak
FLI\makefile
FLI\makefile.*
FLI\tagslist
FLI\*.mac
FLI\*.poc
FLI\*.doc
FLI\*.obs
FLI\*.cpy
FONT\*.c
FONT\*.cc
FONT\*.h
FONT\*.asm
FONT\*.i*
FONT\*.lnk
FONT\*.bat
FONT\*.mak
FONT\makefile
FONT\makefile.*
FONT\tagslist
FONT\*.mac
FONT\*.poc
FONT\*.doc
FONT\*.obs
FONT\*.cpy
GFX\*.c
GFX\*.cc
GFX\*.h
GFX\*.asm
GFX\*.i*
GFX\*.lnk
GFX\*.bat
GFX\*.mak
GFX\makefile
GFX\makefile.*
GFX\tagslist
GFX\*.mac
GFX\*.poc
GFX\*.doc
GFX\*.obs
GFX\*.cpy
PJHIGH\*.c
PJHIGH\*.cc
PJHIGH\*.h
PJHIGH\*.asm
PJHIGH\*.i*
PJHIGH\*.lnk
PJHIGH\*.bat
PJHIGH\*.mak
PJHIGH\makefile
PJHIGH\makefile.*
PJHIGH\tagslist
PJHIGH\*.mac
PJHIGH\*.poc
PJHIGH\*.doc
PJHIGH\*.obs
PJHIGH\*.cpy
INKS\*.c
INKS\*.cc
INKS\*.h
INKS\*.asm
INKS\*.i*
INKS\*.lnk
INKS\*.bat
INKS\*.mak
INKS\makefile
INKS\makefile.*
INKS\tagslist
INKS\*.mac
INKS\*.poc
INKS\*.doc
INKS\*.obs
INKS\*.cpy
INPUT\*.c
INPUT\*.cc
INPUT\*.h
INPUT\*.asm
INPUT\*.i*
INPUT\*.lnk
INPUT\*.bat
INPUT\*.mak
INPUT\makefile
INPUT\makefile.*
INPUT\tagslist
INPUT\*.mac
INPUT\*.poc
INPUT\*.doc
INPUT\*.obs
INPUT\*.cpy
INPUT\LOADABLE\*.c
INPUT\LOADABLE\*.cc
INPUT\LOADABLE\*.h
INPUT\LOADABLE\*.asm
INPUT\LOADABLE\*.i*
INPUT\LOADABLE\*.lnk
INPUT\LOADABLE\*.bat
INPUT\LOADABLE\*.mak
INPUT\LOADABLE\makefile
INPUT\LOADABLE\makefile.*
INPUT\LOADABLE\tagslist
INPUT\LOADABLE\*.mac
INPUT\LOADABLE\*.poc
INPUT\LOADABLE\*.doc
INPUT\LOADABLE\*.obs
INPUT\LOADABLE\*.cpy
MAKEMENU\*.c
MAKEMENU\*.cc
MAKEMENU\*.h
MAKEMENU\*.asm
MAKEMENU\*.i*
MAKEMENU\*.lnk
MAKEMENU\*.bat
MAKEMENU\*.mak
MAKEMENU\makefile
MAKEMENU\makefile.*
MAKEMENU\tagslist
MAKEMENU\*.mac
MAKEMENU\*.poc
MAKEMENU\*.doc
MAKEMENU\*.obs
MAKEMENU\*.cpy
MENUS\*.c
MENUS\*.cc
MENUS\*.h
MENUS\*.asm
MENUS\*.i*
MENUS\*.lnk
MENUS\*.bat
MENUS\*.mak
MENUS\makefile
MENUS\makefile.*
MENUS\tagslist
MENUS\*.mac
MENUS\*.poc
MENUS\*.doc
MENUS\*.obs
MENUS\*.cpy
PLAYER\*.c
PLAYER\*.cc
PLAYER\*.h
PLAYER\*.asm
PLAYER\*.i*
PLAYER\*.lnk
PLAYER\*.bat
PLAYER\*.mak
PLAYER\makefile
PLAYER\makefile.*
PLAYER\tagslist
PLAYER\*.mac
PLAYER\*.poc
PLAYER\*.doc
PLAYER\*.obs
PLAYER\*.cpy
WIDGET\*.c
WIDGET\*.cc
WIDGET\*.h
WIDGET\*.asm
WIDGET\*.i*
WIDGET\*.lnk
WIDGET\*.bat
WIDGET\*.mak
WIDGET\makefile
WIDGET\makefile.*
WIDGET\tagslist
WIDGET\*.mac
WIDGET\*.poc
WIDGET\*.doc
WIDGET\*.obs
WIDGET\*.cpy
