POCO\POEKIT\*.c
POCO\POEKIT\*.cc
POCO\POEKIT\*.h
POCO\POEKIT\*.asm
POCO\POEKIT\*.i*
POCO\POEKIT\*.lnk
POCO\POEKIT\*.bat
POCO\POEKIT\*.mak
POCO\POEKIT\makefile
POCO\POEKIT\makefile.*
POCO\POEKIT\tagslist
POCO\POEKIT\*.mac
POCO\POEKIT\*.poc
POCO\POEKIT\*.doc
POCO\POEKIT\*.obs
POCO\POEKIT\*.cpy
POCO\POEKIT\COLORUTL\*.c
POCO\POEKIT\COLORUTL\*.cc
POCO\POEKIT\COLORUTL\*.h
POCO\POEKIT\COLORUTL\*.asm
POCO\POEKIT\COLORUTL\*.i*
POCO\POEKIT\COLORUTL\*.lnk
POCO\POEKIT\COLORUTL\*.bat
POCO\POEKIT\COLORUTL\*.mak
POCO\POEKIT\COLORUTL\makefile
POCO\POEKIT\COLORUTL\makefile.*
POCO\POEKIT\COLORUTL\tagslist
POCO\POEKIT\COLORUTL\*.mac
POCO\POEKIT\COLORUTL\*.poc
POCO\POEKIT\COLORUTL\*.doc
POCO\POEKIT\COLORUTL\*.obs
POCO\POEKIT\COLORUTL\*.cpy
POCO\POEKIT\CYCLE\*.c
POCO\POEKIT\CYCLE\*.cc
POCO\POEKIT\CYCLE\*.h
POCO\POEKIT\CYCLE\*.asm
POCO\POEKIT\CYCLE\*.i*
POCO\POEKIT\CYCLE\*.lnk
POCO\POEKIT\CYCLE\*.bat
POCO\POEKIT\CYCLE\*.mak
POCO\POEKIT\CYCLE\makefile
POCO\POEKIT\CYCLE\makefile.*
POCO\POEKIT\CYCLE\tagslist
POCO\POEKIT\CYCLE\*.mac
POCO\POEKIT\CYCLE\*.poc
POCO\POEKIT\CYCLE\*.doc
POCO\POEKIT\CYCLE\*.obs
POCO\POEKIT\CYCLE\*.cpy
POCO\POEKIT\ECO\*.c
POCO\POEKIT\ECO\*.cc
POCO\POEKIT\ECO\*.h
POCO\POEKIT\ECO\*.asm
POCO\POEKIT\ECO\*.i*
POCO\POEKIT\ECO\*.lnk
POCO\POEKIT\ECO\*.bat
POCO\POEKIT\ECO\*.mak
POCO\POEKIT\ECO\makefile
POCO\POEKIT\ECO\makefile.*
POCO\POEKIT\ECO\tagslist
POCO\POEKIT\ECO\*.mac
POCO\POEKIT\ECO\*.poc
POCO\POEKIT\ECO\*.doc
POCO\POEKIT\ECO\*.obs
POCO\POEKIT\ECO\*.cpy
POCO\POEKIT\FLICPLAY\*.c
POCO\POEKIT\FLICPLAY\*.cc
POCO\POEKIT\FLICPLAY\*.h
POCO\POEKIT\FLICPLAY\*.asm
POCO\POEKIT\FLICPLAY\*.i*
POCO\POEKIT\FLICPLAY\*.lnk
POCO\POEKIT\FLICPLAY\*.bat
POCO\POEKIT\FLICPLAY\*.mak
POCO\POEKIT\FLICPLAY\makefile
POCO\POEKIT\FLICPLAY\makefile.*
POCO\POEKIT\FLICPLAY\tagslist
POCO\POEKIT\FLICPLAY\*.mac
POCO\POEKIT\FLICPLAY\*.poc
POCO\POEKIT\FLICPLAY\*.doc
POCO\POEKIT\FLICPLAY\*.obs
POCO\POEKIT\FLICPLAY\*.cpy
POCO\POEKIT\INC\*.c
POCO\POEKIT\INC\*.cc
POCO\POEKIT\INC\*.h
POCO\POEKIT\INC\*.asm
POCO\POEKIT\INC\*.i*
POCO\POEKIT\INC\*.lnk
POCO\POEKIT\INC\*.bat
POCO\POEKIT\INC\*.mak
POCO\POEKIT\INC\makefile
POCO\POEKIT\INC\makefile.*
POCO\POEKIT\INC\tagslist
POCO\POEKIT\INC\*.mac
POCO\POEKIT\INC\*.poc
POCO\POEKIT\INC\*.doc
POCO\POEKIT\INC\*.obs
POCO\POEKIT\INC\*.cpy
POCO\POEKIT\LIB\*.c
POCO\POEKIT\LIB\*.cc
POCO\POEKIT\LIB\*.h
POCO\POEKIT\LIB\*.asm
POCO\POEKIT\LIB\*.i*
POCO\POEKIT\LIB\*.lnk
POCO\POEKIT\LIB\*.bat
POCO\POEKIT\LIB\*.mak
POCO\POEKIT\LIB\makefile
POCO\POEKIT\LIB\makefile.*
POCO\POEKIT\LIB\tagslist
POCO\POEKIT\LIB\*.mac
POCO\POEKIT\LIB\*.poc
POCO\POEKIT\LIB\*.doc
POCO\POEKIT\LIB\*.obs
POCO\POEKIT\LIB\*.cpy
POCO\POEKIT\LOOKUP\*.c
POCO\POEKIT\LOOKUP\*.cc
POCO\POEKIT\LOOKUP\*.h
POCO\POEKIT\LOOKUP\*.asm
POCO\POEKIT\LOOKUP\*.i*
POCO\POEKIT\LOOKUP\*.lnk
POCO\POEKIT\LOOKUP\*.bat
POCO\POEKIT\LOOKUP\*.mak
POCO\POEKIT\LOOKUP\makefile
POCO\POEKIT\LOOKUP\makefile.*
POCO\POEKIT\LOOKUP\tagslist
POCO\POEKIT\LOOKUP\*.mac
POCO\POEKIT\LOOKUP\*.poc
POCO\POEKIT\LOOKUP\*.doc
POCO\POEKIT\LOOKUP\*.obs
POCO\POEKIT\LOOKUP\*.cpy
POCO\POEKIT\OTDEMO\*.c
POCO\POEKIT\OTDEMO\*.cc
POCO\POEKIT\OTDEMO\*.h
POCO\POEKIT\OTDEMO\*.asm
POCO\POEKIT\OTDEMO\*.i*
POCO\POEKIT\OTDEMO\*.lnk
POCO\POEKIT\OTDEMO\*.bat
POCO\POEKIT\OTDEMO\*.mak
POCO\POEKIT\OTDEMO\makefile
POCO\POEKIT\OTDEMO\makefile.*
POCO\POEKIT\OTDEMO\tagslist
POCO\POEKIT\OTDEMO\*.mac
POCO\POEKIT\OTDEMO\*.poc
POCO\POEKIT\OTDEMO\*.doc
POCO\POEKIT\OTDEMO\*.obs
POCO\POEKIT\OTDEMO\*.cpy
POCO\POEKIT\PDRACC\*.c
POCO\POEKIT\PDRACC\*.cc
POCO\POEKIT\PDRACC\*.h
POCO\POEKIT\PDRACC\*.asm
POCO\POEKIT\PDRACC\*.i*
POCO\POEKIT\PDRACC\*.lnk
POCO\POEKIT\PDRACC\*.bat
POCO\POEKIT\PDRACC\*.mak
POCO\POEKIT\PDRACC\makefile
POCO\POEKIT\PDRACC\makefile.*
POCO\POEKIT\PDRACC\tagslist
POCO\POEKIT\PDRACC\*.mac
POCO\POEKIT\PDRACC\*.poc
POCO\POEKIT\PDRACC\*.doc
POCO\POEKIT\PDRACC\*.obs
POCO\POEKIT\PDRACC\*.cpy
POCO\POEKIT\PDRDEMO\*.c
POCO\POEKIT\PDRDEMO\*.cc
POCO\POEKIT\PDRDEMO\*.h
POCO\POEKIT\PDRDEMO\*.asm
POCO\POEKIT\PDRDEMO\*.i*
POCO\POEKIT\PDRDEMO\*.lnk
POCO\POEKIT\PDRDEMO\*.bat
POCO\POEKIT\PDRDEMO\*.mak
POCO\POEKIT\PDRDEMO\makefile
POCO\POEKIT\PDRDEMO\makefile.*
POCO\POEKIT\PDRDEMO\tagslist
POCO\POEKIT\PDRDEMO\*.mac
POCO\POEKIT\PDRDEMO\*.poc
POCO\POEKIT\PDRDEMO\*.doc
POCO\POEKIT\PDRDEMO\*.obs
POCO\POEKIT\PDRDEMO\*.cpy
POCO\POEKIT\POEPATCH\*.c
POCO\POEKIT\POEPATCH\*.cc
POCO\POEKIT\POEPATCH\*.h
POCO\POEKIT\POEPATCH\*.asm
POCO\POEKIT\POEPATCH\*.i*
POCO\POEKIT\POEPATCH\*.lnk
POCO\POEKIT\POEPATCH\*.bat
POCO\POEKIT\POEPATCH\*.mak
POCO\POEKIT\POEPATCH\makefile
POCO\POEKIT\POEPATCH\makefile.*
POCO\POEKIT\POEPATCH\tagslist
POCO\POEKIT\POEPATCH\*.mac
POCO\POEKIT\POEPATCH\*.poc
POCO\POEKIT\POEPATCH\*.doc
POCO\POEKIT\POEPATCH\*.obs
POCO\POEKIT\POEPATCH\*.cpy
POCO\POEKIT\PSTAMP\*.c
POCO\POEKIT\PSTAMP\*.cc
POCO\POEKIT\PSTAMP\*.h
POCO\POEKIT\PSTAMP\*.asm
POCO\POEKIT\PSTAMP\*.i*
POCO\POEKIT\PSTAMP\*.lnk
POCO\POEKIT\PSTAMP\*.bat
POCO\POEKIT\PSTAMP\*.mak
POCO\POEKIT\PSTAMP\makefile
POCO\POEKIT\PSTAMP\makefile.*
POCO\POEKIT\PSTAMP\tagslist
POCO\POEKIT\PSTAMP\*.mac
POCO\POEKIT\PSTAMP\*.poc
POCO\POEKIT\PSTAMP\*.doc
POCO\POEKIT\PSTAMP\*.obs
POCO\POEKIT\PSTAMP\*.cpy
POCO\POEKIT\SKELETON\*.c
POCO\POEKIT\SKELETON\*.cc
POCO\POEKIT\SKELETON\*.h
POCO\POEKIT\SKELETON\*.asm
POCO\POEKIT\SKELETON\*.i*
POCO\POEKIT\SKELETON\*.lnk
POCO\POEKIT\SKELETON\*.bat
POCO\POEKIT\SKELETON\*.mak
POCO\POEKIT\SKELETON\makefile
POCO\POEKIT\SKELETON\makefile.*
POCO\POEKIT\SKELETON\tagslist
POCO\POEKIT\SKELETON\*.mac
POCO\POEKIT\SKELETON\*.poc
POCO\POEKIT\SKELETON\*.doc
POCO\POEKIT\SKELETON\*.obs
POCO\POEKIT\SKELETON\*.cpy
POCO\POEKIT\VSCREEN\*.c
POCO\POEKIT\VSCREEN\*.cc
POCO\POEKIT\VSCREEN\*.h
POCO\POEKIT\VSCREEN\*.asm
POCO\POEKIT\VSCREEN\*.i*
POCO\POEKIT\VSCREEN\*.lnk
POCO\POEKIT\VSCREEN\*.bat
POCO\POEKIT\VSCREEN\*.mak
POCO\POEKIT\VSCREEN\makefile
POCO\POEKIT\VSCREEN\makefile.*
POCO\POEKIT\VSCREEN\tagslist
POCO\POEKIT\VSCREEN\*.mac
POCO\POEKIT\VSCREEN\*.poc
POCO\POEKIT\VSCREEN\*.doc
POCO\POEKIT\VSCREEN\*.obs
POCO\POEKIT\VSCREEN\*.cpy
