f:/paa/font/pfb/adks____.pfb
f:/paa/font/pfb/agd_____.pfb
f:/paa/font/pfb/agdo____.pfb
f:/paa/font/pfb/agw_____.pfb
f:/paa/font/pfb/agwo____.pfb
f:/paa/font/pfb/andesite.pfb
f:/paa/font/pfb/archi___.pfb
f:/paa/font/pfb/architxt.pfb
f:/paa/font/pfb/ashley__.pfb
f:/paa/font/pfb/bec_____.pfb
f:/paa/font/pfb/beffle__.pfb
f:/paa/font/pfb/bellbott.pfb
f:/paa/font/pfb/benjacap.pfb
f:/paa/font/pfb/bkd_____.pfb
f:/paa/font/pfb/bkdi____.pfb
f:/paa/font/pfb/bkl_____.pfb
f:/paa/font/pfb/bkli____.pfb
f:/paa/font/pfb/blackcha.pfb
f:/paa/font/pfb/bladder2.pfb
f:/paa/font/pfb/blades__.pfb
f:/paa/font/pfb/bodidlyb.pfb
f:/paa/font/pfb/c121013_.pfb
f:/paa/font/pfb/c121033_.pfb
f:/paa/font/pfb/c121313_.pfb
f:/paa/font/pfb/c121333_.pfb
f:/paa/font/pfb/cairo___.pfb
f:/paa/font/pfb/calig___.pfb
f:/paa/font/pfb/camberic.pfb
f:/paa/font/pfb/chilipep.pfb
f:/paa/font/pfb/civitype.pfb
f:/paa/font/pfb/cob_____.pfb
f:/paa/font/pfb/cobo____.pfb
f:/paa/font/pfb/com_____.pfb
f:/paa/font/pfb/coo_____.pfb
f:/paa/font/pfb/crackfir.pfb
f:/paa/font/pfb/crill___.pfb
f:/paa/font/pfb/csdchalk.pfb
f:/paa/font/pfb/csdjersy.pfb
f:/paa/font/pfb/dabkc___.pfb
f:/paa/font/pfb/dakc____.pfb
f:/paa/font/pfb/dickens_.pfb
f:/paa/font/pfb/diego1.pfb
f:/paa/font/pfb/dragon.pfb
f:/paa/font/pfb/dubiel.pfb
f:/paa/font/pfb/dubielit.pfb
f:/paa/font/pfb/durango_.pfb
f:/paa/font/pfb/faktos__.pfb
f:/paa/font/pfb/farqufre.pfb
f:/paa/font/pfb/fleurons.pfb
f:/paa/font/pfb/florence.pfb
f:/paa/font/pfb/fundrun_.pfb
f:/paa/font/pfb/fundruno.pfb
f:/paa/font/pfb/gallaude.pfb
f:/paa/font/pfb/galledis.pfb
f:/paa/font/pfb/gdb_____.pfb
f:/paa/font/pfb/gdbi____.pfb
f:/paa/font/pfb/gdi_____.pfb
f:/paa/font/pfb/gdrg____.pfb
f:/paa/font/pfb/gdsb____.pfb
f:/paa/font/pfb/gdsbi___.pfb
f:/paa/font/pfb/gocmase_.pfb
f:/paa/font/pfb/gocmseq_.pfb
f:/paa/font/pfb/goudymed.pfb
f:/paa/font/pfb/graphlig.pfb
f:/paa/font/pfb/greencap.pfb
f:/paa/font/pfb/griffdin.pfb
f:/paa/font/pfb/headline.pfb
f:/paa/font/pfb/hotshot_.pfb
f:/paa/font/pfb/houte___.pfb
f:/paa/font/pfb/iglesia.pfb
f:/paa/font/pfb/igloo___.pfb
f:/paa/font/pfb/inkwe___.pfb
f:/paa/font/pfb/isado___.pfb
f:/paa/font/pfb/judascap.pfb
f:/paa/font/pfb/koshgarn.pfb
f:/paa/font/pfb/kramer__.pfb
f:/paa/font/pfb/leecaps_.pfb
f:/paa/font/pfb/lefti___.pfb
f:/paa/font/pfb/libbyscr.pfb
f:/paa/font/pfb/lichtner.pfb
f:/paa/font/pfb/lilith__.pfb
f:/paa/font/pfb/lumpa___.pfb
f:/paa/font/pfb/machiavl.pfb
f:/paa/font/pfb/mazamreg.pfb
f:/paa/font/pfb/medusa__.pfb
f:/paa/font/pfb/miamibea.pfb
f:/paa/font/pfb/micserif.pfb
f:/paa/font/pfb/monot___.pfb
f:/paa/font/pfb/multifor.pfb
f:/paa/font/pfb/ncb_____.pfb
f:/paa/font/pfb/ncbi____.pfb
f:/paa/font/pfb/nci_____.pfb
f:/paa/font/pfb/ncr_____.pfb
f:/paa/font/pfb/paris.pfb
f:/paa/font/pfb/parismet.pfb
f:/paa/font/pfb/pcmir___.pfb
f:/paa/font/pfb/pcrou___.pfb
f:/paa/font/pfb/pignoset.pfb
f:/paa/font/pfb/pob_____.pfb
f:/paa/font/pfb/pobi____.pfb
f:/paa/font/pfb/poi_____.pfb
f:/paa/font/pfb/por_____.pfb
f:/paa/font/pfb/postcry_.pfb
f:/paa/font/pfb/reedfont.pfb
f:/paa/font/pfb/reynolds.pfb
f:/paa/font/pfb/rhyofont.pfb
f:/paa/font/pfb/roosthea.pfb
f:/paa/font/pfb/rothm___.pfb
f:/paa/font/pfb/rsali___.pfb
f:/paa/font/pfb/rsand___.pfb
f:/paa/font/pfb/rsbildin.pfb
f:/paa/font/pfb/rscanai.pfb
f:/paa/font/pfb/rscavema.pfb
f:/paa/font/pfb/rschacha.pfb
f:/paa/font/pfb/rschasli.pfb
f:/paa/font/pfb/rschitow.pfb
f:/paa/font/pfb/rsclahea.pfb
f:/paa/font/pfb/rsclaita.pfb
f:/paa/font/pfb/rsclarom.pfb
f:/paa/font/pfb/rscode39.pfb
f:/paa/font/pfb/rscunfon.pfb
f:/paa/font/pfb/rsdayton.pfb
f:/paa/font/pfb/rsdeusex.pfb
f:/paa/font/pfb/rselgar_.pfb
f:/paa/font/pfb/rsflifon.pfb
f:/paa/font/pfb/rsfutbol.pfb
f:/paa/font/pfb/rsfutura.pfb
f:/paa/font/pfb/rsgordon.pfb
f:/paa/font/pfb/rsheidel.pfb
f:/paa/font/pfb/rsjackso.pfb
f:/paa/font/pfb/rskathli.pfb
f:/paa/font/pfb/rslaslon.pfb
f:/paa/font/pfb/rsloweas.pfb
f:/paa/font/pfb/rslowwes.pfb
f:/paa/font/pfb/rsmachum.pfb
f:/paa/font/pfb/rsmanzan.pfb
f:/paa/font/pfb/rsmianig.pfb
f:/paa/font/pfb/rsmoroma.pfb
f:/paa/font/pfb/rsnewgar.pfb
f:/paa/font/pfb/rsparhav.pfb
f:/paa/font/pfb/rsslainf.pfb
f:/paa/font/pfb/rsstyle.pfb
f:/paa/font/pfb/rstoulau.pfb
f:/paa/font/pfb/rstoyblo.pfb
f:/paa/font/pfb/salter__.pfb
f:/paa/font/pfb/schwawal.pfb
f:/paa/font/pfb/scriptit.pfb
f:/paa/font/pfb/shora___.pfb
f:/paa/font/pfb/sy______.pfb
f:/paa/font/pfb/sydne___.pfb
f:/paa/font/pfb/techpho_.pfb
f:/paa/font/pfb/tempofon.pfb
f:/paa/font/pfb/tib_____.pfb
f:/paa/font/pfb/tibi____.pfb
f:/paa/font/pfb/tiempo__.pfb
f:/paa/font/pfb/tif____b.pfb
f:/paa/font/pfb/tif____e.pfb
f:/paa/font/pfb/tii_____.pfb
f:/paa/font/pfb/tir_____.pfb
f:/paa/font/pfb/unciadis.pfb
f:/paa/font/pfb/upsil___.pfb
f:/paa/font/pfb/victsecr.pfb
f:/paa/font/pfb/wedgie.pfb
f:/paa/font/pfb/wharmby_.pfb
f:/paa/font/pfb/wilton__.pfb
f:/paa/font/pfb/zaleski_.pfb
f:/paa/font/pfb/zcmi____.pfb
f:/paa/font/pfb/zd______.pfb
