PICDRIVE\PCX\*.c
PICDRIVE\PCX\*.cc
PICDRIVE\PCX\*.h
PICDRIVE\PCX\*.asm
PICDRIVE\PCX\*.i*
PICDRIVE\PCX\*.lnk
PICDRIVE\PCX\*.bat
PICDRIVE\PCX\*.mak
PICDRIVE\PCX\makefile
PICDRIVE\PCX\makefile.*
PICDRIVE\PCX\tagslist
PICDRIVE\PCX\*.mac
PICDRIVE\PCX\*.poc
PICDRIVE\PCX\*.doc
PICDRIVE\PCX\*.obs
PICDRIVE\PCX\*.cpy
PICDRIVE\PICT2\*.c
PICDRIVE\PICT2\*.cc
PICDRIVE\PICT2\*.h
PICDRIVE\PICT2\*.asm
PICDRIVE\PICT2\*.i*
PICDRIVE\PICT2\*.lnk
PICDRIVE\PICT2\*.bat
PICDRIVE\PICT2\*.mak
PICDRIVE\PICT2\makefile
PICDRIVE\PICT2\makefile.*
PICDRIVE\PICT2\tagslist
PICDRIVE\PICT2\*.mac
PICDRIVE\PICT2\*.poc
PICDRIVE\PICT2\*.doc
PICDRIVE\PICT2\*.obs
PICDRIVE\PICT2\*.cpy
PICDRIVE\RIF\*.c
PICDRIVE\RIF\*.cc
PICDRIVE\RIF\*.h
PICDRIVE\RIF\*.asm
PICDRIVE\RIF\*.i*
PICDRIVE\RIF\*.lnk
PICDRIVE\RIF\*.bat
PICDRIVE\RIF\*.mak
PICDRIVE\RIF\makefile
PICDRIVE\RIF\makefile.*
PICDRIVE\RIF\tagslist
PICDRIVE\RIF\*.mac
PICDRIVE\RIF\*.poc
PICDRIVE\RIF\*.doc
PICDRIVE\RIF\*.obs
PICDRIVE\RIF\*.cpy
PICDRIVE\RND\*.c
PICDRIVE\RND\*.cc
PICDRIVE\RND\*.h
PICDRIVE\RND\*.asm
PICDRIVE\RND\*.i*
PICDRIVE\RND\*.lnk
PICDRIVE\RND\*.bat
PICDRIVE\RND\*.mak
PICDRIVE\RND\makefile
PICDRIVE\RND\makefile.*
PICDRIVE\RND\tagslist
PICDRIVE\RND\*.mac
PICDRIVE\RND\*.poc
PICDRIVE\RND\*.doc
PICDRIVE\RND\*.obs
PICDRIVE\RND\*.cpy
PICDRIVE\SEQ\*.c
PICDRIVE\SEQ\*.cc
PICDRIVE\SEQ\*.h
PICDRIVE\SEQ\*.asm
PICDRIVE\SEQ\*.i*
PICDRIVE\SEQ\*.lnk
PICDRIVE\SEQ\*.bat
PICDRIVE\SEQ\*.mak
PICDRIVE\SEQ\makefile
PICDRIVE\SEQ\makefile.*
PICDRIVE\SEQ\tagslist
PICDRIVE\SEQ\*.mac
PICDRIVE\SEQ\*.poc
PICDRIVE\SEQ\*.doc
PICDRIVE\SEQ\*.obs
PICDRIVE\SEQ\*.cpy
PICDRIVE\SKELETON\*.c
PICDRIVE\SKELETON\*.cc
PICDRIVE\SKELETON\*.h
PICDRIVE\SKELETON\*.asm
PICDRIVE\SKELETON\*.i*
PICDRIVE\SKELETON\*.lnk
PICDRIVE\SKELETON\*.bat
PICDRIVE\SKELETON\*.mak
PICDRIVE\SKELETON\makefile
PICDRIVE\SKELETON\makefile.*
PICDRIVE\SKELETON\tagslist
PICDRIVE\SKELETON\*.mac
PICDRIVE\SKELETON\*.poc
PICDRIVE\SKELETON\*.doc
PICDRIVE\SKELETON\*.obs
PICDRIVE\SKELETON\*.cpy
PICDRIVE\SLD\*.c
PICDRIVE\SLD\*.cc
PICDRIVE\SLD\*.h
PICDRIVE\SLD\*.asm
PICDRIVE\SLD\*.i*
PICDRIVE\SLD\*.lnk
PICDRIVE\SLD\*.bat
PICDRIVE\SLD\*.mak
PICDRIVE\SLD\makefile
PICDRIVE\SLD\makefile.*
PICDRIVE\SLD\tagslist
PICDRIVE\SLD\*.mac
PICDRIVE\SLD\*.poc
PICDRIVE\SLD\*.doc
PICDRIVE\SLD\*.obs
PICDRIVE\SLD\*.cpy
PICDRIVE\TARGA\*.c
PICDRIVE\TARGA\*.cc
PICDRIVE\TARGA\*.h
PICDRIVE\TARGA\*.asm
PICDRIVE\TARGA\*.i*
PICDRIVE\TARGA\*.lnk
PICDRIVE\TARGA\*.bat
PICDRIVE\TARGA\*.mak
PICDRIVE\TARGA\makefile
PICDRIVE\TARGA\makefile.*
PICDRIVE\TARGA\tagslist
PICDRIVE\TARGA\*.mac
PICDRIVE\TARGA\*.poc
PICDRIVE\TARGA\*.doc
PICDRIVE\TARGA\*.obs
PICDRIVE\TARGA\*.cpy
PICDRIVE\TIFF\*.c
PICDRIVE\TIFF\*.cc
PICDRIVE\TIFF\*.h
PICDRIVE\TIFF\*.asm
PICDRIVE\TIFF\*.i*
PICDRIVE\TIFF\*.lnk
PICDRIVE\TIFF\*.bat
PICDRIVE\TIFF\*.mak
PICDRIVE\TIFF\makefile
PICDRIVE\TIFF\makefile.*
PICDRIVE\TIFF\tagslist
PICDRIVE\TIFF\*.mac
PICDRIVE\TIFF\*.poc
PICDRIVE\TIFF\*.doc
PICDRIVE\TIFF\*.obs
PICDRIVE\TIFF\*.cpy
PICDRIVE\JPEG\*.c
PICDRIVE\JPEG\*.cc
PICDRIVE\JPEG\*.h
PICDRIVE\JPEG\*.asm
PICDRIVE\JPEG\*.i*
PICDRIVE\JPEG\*.lnk
PICDRIVE\JPEG\*.bat
PICDRIVE\JPEG\*.mak
PICDRIVE\JPEG\makefile
PICDRIVE\JPEG\makefile.*
PICDRIVE\JPEG\tagslist
PICDRIVE\JPEG\*.mac
PICDRIVE\JPEG\*.poc
PICDRIVE\JPEG\*.doc
PICDRIVE\JPEG\*.obs
PICDRIVE\JPEG\*.cpy
PICDRIVE\JPEG\LIB\*.c
PICDRIVE\JPEG\LIB\*.cc
PICDRIVE\JPEG\LIB\*.h
PICDRIVE\JPEG\LIB\*.asm
PICDRIVE\JPEG\LIB\*.i*
PICDRIVE\JPEG\LIB\*.lnk
PICDRIVE\JPEG\LIB\*.bat
PICDRIVE\JPEG\LIB\*.mak
PICDRIVE\JPEG\LIB\makefile
PICDRIVE\JPEG\LIB\makefile.*
PICDRIVE\JPEG\LIB\tagslist
PICDRIVE\JPEG\LIB\*.mac
PICDRIVE\JPEG\LIB\*.poc
PICDRIVE\JPEG\LIB\*.doc
PICDRIVE\JPEG\LIB\*.obs
PICDRIVE\JPEG\LIB\*.cpy
