DRIVEKIT\*.c
DRIVEKIT\*.cc
DRIVEKIT\*.h
DRIVEKIT\*.asm
DRIVEKIT\*.i*
DRIVEKIT\*.lnk
DRIVEKIT\*.bat
DRIVEKIT\*.mak
DRIVEKIT\makefile
DRIVEKIT\makefile.*
DRIVEKIT\tagslist
DRIVEKIT\*.mac
DRIVEKIT\*.poc
DRIVEKIT\*.doc
DRIVEKIT\*.obs
DRIVEKIT\*.cpy
DRIVEKIT\8514\*.c
DRIVEKIT\8514\*.cc
DRIVEKIT\8514\*.h
DRIVEKIT\8514\*.asm
DRIVEKIT\8514\*.i*
DRIVEKIT\8514\*.lnk
DRIVEKIT\8514\*.bat
DRIVEKIT\8514\*.mak
DRIVEKIT\8514\makefile
DRIVEKIT\8514\makefile.*
DRIVEKIT\8514\tagslist
DRIVEKIT\8514\*.mac
DRIVEKIT\8514\*.poc
DRIVEKIT\8514\*.doc
DRIVEKIT\8514\*.obs
DRIVEKIT\8514\*.cpy
DRIVEKIT\COMPAQ\*.c
DRIVEKIT\COMPAQ\*.cc
DRIVEKIT\COMPAQ\*.h
DRIVEKIT\COMPAQ\*.asm
DRIVEKIT\COMPAQ\*.i*
DRIVEKIT\COMPAQ\*.lnk
DRIVEKIT\COMPAQ\*.bat
DRIVEKIT\COMPAQ\*.mak
DRIVEKIT\COMPAQ\makefile
DRIVEKIT\COMPAQ\makefile.*
DRIVEKIT\COMPAQ\tagslist
DRIVEKIT\COMPAQ\*.mac
DRIVEKIT\COMPAQ\*.poc
DRIVEKIT\COMPAQ\*.doc
DRIVEKIT\COMPAQ\*.obs
DRIVEKIT\COMPAQ\*.cpy
DRIVEKIT\DRVCOMN\*.c
DRIVEKIT\DRVCOMN\*.cc
DRIVEKIT\DRVCOMN\*.h
DRIVEKIT\DRVCOMN\*.asm
DRIVEKIT\DRVCOMN\*.i*
DRIVEKIT\DRVCOMN\*.lnk
DRIVEKIT\DRVCOMN\*.bat
DRIVEKIT\DRVCOMN\*.mak
DRIVEKIT\DRVCOMN\makefile
DRIVEKIT\DRVCOMN\makefile.*
DRIVEKIT\DRVCOMN\tagslist
DRIVEKIT\DRVCOMN\*.mac
DRIVEKIT\DRVCOMN\*.poc
DRIVEKIT\DRVCOMN\*.doc
DRIVEKIT\DRVCOMN\*.obs
DRIVEKIT\DRVCOMN\*.cpy
DRIVEKIT\EVGA512\*.c
DRIVEKIT\EVGA512\*.cc
DRIVEKIT\EVGA512\*.h
DRIVEKIT\EVGA512\*.asm
DRIVEKIT\EVGA512\*.i*
DRIVEKIT\EVGA512\*.lnk
DRIVEKIT\EVGA512\*.bat
DRIVEKIT\EVGA512\*.mak
DRIVEKIT\EVGA512\makefile
DRIVEKIT\EVGA512\makefile.*
DRIVEKIT\EVGA512\tagslist
DRIVEKIT\EVGA512\*.mac
DRIVEKIT\EVGA512\*.poc
DRIVEKIT\EVGA512\*.doc
DRIVEKIT\EVGA512\*.obs
DRIVEKIT\EVGA512\*.cpy
DRIVEKIT\INC\*.c
DRIVEKIT\INC\*.cc
DRIVEKIT\INC\*.h
DRIVEKIT\INC\*.asm
DRIVEKIT\INC\*.i*
DRIVEKIT\INC\*.lnk
DRIVEKIT\INC\*.bat
DRIVEKIT\INC\*.mak
DRIVEKIT\INC\makefile
DRIVEKIT\INC\makefile.*
DRIVEKIT\INC\tagslist
DRIVEKIT\INC\*.mac
DRIVEKIT\INC\*.poc
DRIVEKIT\INC\*.doc
DRIVEKIT\INC\*.obs
DRIVEKIT\INC\*.cpy
DRIVEKIT\LIB\*.c
DRIVEKIT\LIB\*.cc
DRIVEKIT\LIB\*.h
DRIVEKIT\LIB\*.asm
DRIVEKIT\LIB\*.i*
DRIVEKIT\LIB\*.lnk
DRIVEKIT\LIB\*.bat
DRIVEKIT\LIB\*.mak
DRIVEKIT\LIB\makefile
DRIVEKIT\LIB\makefile.*
DRIVEKIT\LIB\tagslist
DRIVEKIT\LIB\*.mac
DRIVEKIT\LIB\*.poc
DRIVEKIT\LIB\*.doc
DRIVEKIT\LIB\*.obs
DRIVEKIT\LIB\*.cpy
DRIVEKIT\LIB\LOADER\*.c
DRIVEKIT\LIB\LOADER\*.cc
DRIVEKIT\LIB\LOADER\*.h
DRIVEKIT\LIB\LOADER\*.asm
DRIVEKIT\LIB\LOADER\*.i*
DRIVEKIT\LIB\LOADER\*.lnk
DRIVEKIT\LIB\LOADER\*.bat
DRIVEKIT\LIB\LOADER\*.mak
DRIVEKIT\LIB\LOADER\makefile
DRIVEKIT\LIB\LOADER\makefile.*
DRIVEKIT\LIB\LOADER\tagslist
DRIVEKIT\LIB\LOADER\*.mac
DRIVEKIT\LIB\LOADER\*.poc
DRIVEKIT\LIB\LOADER\*.doc
DRIVEKIT\LIB\LOADER\*.obs
DRIVEKIT\LIB\LOADER\*.cpy
DRIVEKIT\HGSC\*.c
DRIVEKIT\HGSC\*.cc
DRIVEKIT\HGSC\*.h
DRIVEKIT\HGSC\*.asm
DRIVEKIT\HGSC\*.i*
DRIVEKIT\HGSC\*.lnk
DRIVEKIT\HGSC\*.bat
DRIVEKIT\HGSC\*.mak
DRIVEKIT\HGSC\makefile
DRIVEKIT\HGSC\makefile.*
DRIVEKIT\HGSC\tagslist
DRIVEKIT\HGSC\*.mac
DRIVEKIT\HGSC\*.poc
DRIVEKIT\HGSC\*.doc
DRIVEKIT\HGSC\*.obs
DRIVEKIT\HGSC\*.cpy
DRIVEKIT\MCGA\*.c
DRIVEKIT\MCGA\*.cc
DRIVEKIT\MCGA\*.h
DRIVEKIT\MCGA\*.asm
DRIVEKIT\MCGA\*.i*
DRIVEKIT\MCGA\*.lnk
DRIVEKIT\MCGA\*.bat
DRIVEKIT\MCGA\*.mak
DRIVEKIT\MCGA\makefile
DRIVEKIT\MCGA\makefile.*
DRIVEKIT\MCGA\tagslist
DRIVEKIT\MCGA\*.mac
DRIVEKIT\MCGA\*.poc
DRIVEKIT\MCGA\*.doc
DRIVEKIT\MCGA\*.obs
DRIVEKIT\MCGA\*.cpy
DRIVEKIT\NULL\*.c
DRIVEKIT\NULL\*.cc
DRIVEKIT\NULL\*.h
DRIVEKIT\NULL\*.asm
DRIVEKIT\NULL\*.i*
DRIVEKIT\NULL\*.lnk
DRIVEKIT\NULL\*.bat
DRIVEKIT\NULL\*.mak
DRIVEKIT\NULL\makefile
DRIVEKIT\NULL\makefile.*
DRIVEKIT\NULL\tagslist
DRIVEKIT\NULL\*.mac
DRIVEKIT\NULL\*.poc
DRIVEKIT\NULL\*.doc
DRIVEKIT\NULL\*.obs
DRIVEKIT\NULL\*.cpy
DRIVEKIT\SVGA\*.c
DRIVEKIT\SVGA\*.cc
DRIVEKIT\SVGA\*.h
DRIVEKIT\SVGA\*.asm
DRIVEKIT\SVGA\*.i*
DRIVEKIT\SVGA\*.lnk
DRIVEKIT\SVGA\*.bat
DRIVEKIT\SVGA\*.mak
DRIVEKIT\SVGA\makefile
DRIVEKIT\SVGA\makefile.*
DRIVEKIT\SVGA\tagslist
DRIVEKIT\SVGA\*.mac
DRIVEKIT\SVGA\*.poc
DRIVEKIT\SVGA\*.doc
DRIVEKIT\SVGA\*.obs
DRIVEKIT\SVGA\*.cpy
DRIVEKIT\TIGA\*.c
DRIVEKIT\TIGA\*.cc
DRIVEKIT\TIGA\*.h
DRIVEKIT\TIGA\*.asm
DRIVEKIT\TIGA\*.i*
DRIVEKIT\TIGA\*.lnk
DRIVEKIT\TIGA\*.bat
DRIVEKIT\TIGA\*.mak
DRIVEKIT\TIGA\makefile
DRIVEKIT\TIGA\makefile.*
DRIVEKIT\TIGA\tagslist
DRIVEKIT\TIGA\*.mac
DRIVEKIT\TIGA\*.poc
DRIVEKIT\TIGA\*.doc
DRIVEKIT\TIGA\*.obs
DRIVEKIT\TIGA\*.cpy
DRIVEKIT\TORTURE\*.c
DRIVEKIT\TORTURE\*.cc
DRIVEKIT\TORTURE\*.h
DRIVEKIT\TORTURE\*.asm
DRIVEKIT\TORTURE\*.i*
DRIVEKIT\TORTURE\*.lnk
DRIVEKIT\TORTURE\*.bat
DRIVEKIT\TORTURE\*.mak
DRIVEKIT\TORTURE\makefile
DRIVEKIT\TORTURE\makefile.*
DRIVEKIT\TORTURE\tagslist
DRIVEKIT\TORTURE\*.mac
DRIVEKIT\TORTURE\*.poc
DRIVEKIT\TORTURE\*.doc
DRIVEKIT\TORTURE\*.obs
DRIVEKIT\TORTURE\*.cpy
DRIVEKIT\VESA\*.c
DRIVEKIT\VESA\*.cc
DRIVEKIT\VESA\*.h
DRIVEKIT\VESA\*.asm
DRIVEKIT\VESA\*.i*
DRIVEKIT\VESA\*.lnk
DRIVEKIT\VESA\*.bat
DRIVEKIT\VESA\*.mak
DRIVEKIT\VESA\makefile
DRIVEKIT\VESA\makefile.*
DRIVEKIT\VESA\tagslist
DRIVEKIT\VESA\*.mac
DRIVEKIT\VESA\*.poc
DRIVEKIT\VESA\*.doc
DRIVEKIT\VESA\*.obs
DRIVEKIT\VESA\*.cpy
DRIVEKIT\VRAM\*.c
DRIVEKIT\VRAM\*.cc
DRIVEKIT\VRAM\*.h
DRIVEKIT\VRAM\*.asm
DRIVEKIT\VRAM\*.i*
DRIVEKIT\VRAM\*.lnk
DRIVEKIT\VRAM\*.bat
DRIVEKIT\VRAM\*.mak
DRIVEKIT\VRAM\makefile
DRIVEKIT\VRAM\makefile.*
DRIVEKIT\VRAM\tagslist
DRIVEKIT\VRAM\*.mac
DRIVEKIT\VRAM\*.poc
DRIVEKIT\VRAM\*.doc
DRIVEKIT\VRAM\*.obs
DRIVEKIT\VRAM\*.cpy
