F:\PAA\FLIC386P\*.c
F:\PAA\FLIC386P\*.cc
F:\PAA\FLIC386P\*.h
F:\PAA\FLIC386P\*.asm
F:\PAA\FLIC386P\*.i*
F:\PAA\FLIC386P\*.lnk
F:\PAA\FLIC386P\*.bat
F:\PAA\FLIC386P\*.mak
F:\PAA\FLIC386P\makefile
F:\PAA\FLIC386P\makefile.*
F:\PAA\FLIC386P\tagslist
F:\PAA\FLIC386P\*.mac
F:\PAA\FLIC386P\*.poc
F:\PAA\FLIC386P\*.doc
F:\PAA\FLIC386P\*.obs
F:\PAA\FLIC386P\*.cpy
F:\PAA\FLIC386P\3DLOOK\*.c
F:\PAA\FLIC386P\3DLOOK\*.cc
F:\PAA\FLIC386P\3DLOOK\*.h
F:\PAA\FLIC386P\3DLOOK\*.asm
F:\PAA\FLIC386P\3DLOOK\*.i*
F:\PAA\FLIC386P\3DLOOK\*.lnk
F:\PAA\FLIC386P\3DLOOK\*.bat
F:\PAA\FLIC386P\3DLOOK\*.mak
F:\PAA\FLIC386P\3DLOOK\makefile
F:\PAA\FLIC386P\3DLOOK\makefile.*
F:\PAA\FLIC386P\3DLOOK\tagslist
F:\PAA\FLIC386P\3DLOOK\*.mac
F:\PAA\FLIC386P\3DLOOK\*.poc
F:\PAA\FLIC386P\3DLOOK\*.doc
F:\PAA\FLIC386P\3DLOOK\*.obs
F:\PAA\FLIC386P\3DLOOK\*.cpy
F:\PAA\FLIC386P\EXAMPLES\*.c
F:\PAA\FLIC386P\EXAMPLES\*.cc
F:\PAA\FLIC386P\EXAMPLES\*.h
F:\PAA\FLIC386P\EXAMPLES\*.asm
F:\PAA\FLIC386P\EXAMPLES\*.i*
F:\PAA\FLIC386P\EXAMPLES\*.lnk
F:\PAA\FLIC386P\EXAMPLES\*.bat
F:\PAA\FLIC386P\EXAMPLES\*.mak
F:\PAA\FLIC386P\EXAMPLES\makefile
F:\PAA\FLIC386P\EXAMPLES\makefile.*
F:\PAA\FLIC386P\EXAMPLES\tagslist
F:\PAA\FLIC386P\EXAMPLES\*.mac
F:\PAA\FLIC386P\EXAMPLES\*.poc
F:\PAA\FLIC386P\EXAMPLES\*.doc
F:\PAA\FLIC386P\EXAMPLES\*.obs
F:\PAA\FLIC386P\EXAMPLES\*.cpy
F:\PAA\FLIC386P\LIBSRC\*.c
F:\PAA\FLIC386P\LIBSRC\*.cc
F:\PAA\FLIC386P\LIBSRC\*.h
F:\PAA\FLIC386P\LIBSRC\*.asm
F:\PAA\FLIC386P\LIBSRC\*.i*
F:\PAA\FLIC386P\LIBSRC\*.lnk
F:\PAA\FLIC386P\LIBSRC\*.bat
F:\PAA\FLIC386P\LIBSRC\*.mak
F:\PAA\FLIC386P\LIBSRC\makefile
F:\PAA\FLIC386P\LIBSRC\makefile.*
F:\PAA\FLIC386P\LIBSRC\tagslist
F:\PAA\FLIC386P\LIBSRC\*.mac
F:\PAA\FLIC386P\LIBSRC\*.poc
F:\PAA\FLIC386P\LIBSRC\*.doc
F:\PAA\FLIC386P\LIBSRC\*.obs
F:\PAA\FLIC386P\LIBSRC\*.cpy
F:\PAA\FLIC386P\LIBSRC\GLUECODE\*.c
F:\PAA\FLIC386P\LIBSRC\GLUECODE\*.cc
F:\PAA\FLIC386P\LIBSRC\GLUECODE\*.h
F:\PAA\FLIC386P\LIBSRC\GLUECODE\*.asm
F:\PAA\FLIC386P\LIBSRC\GLUECODE\*.i*
F:\PAA\FLIC386P\LIBSRC\GLUECODE\*.lnk
F:\PAA\FLIC386P\LIBSRC\GLUECODE\*.bat
F:\PAA\FLIC386P\LIBSRC\GLUECODE\*.mak
F:\PAA\FLIC386P\LIBSRC\GLUECODE\makefile
F:\PAA\FLIC386P\LIBSRC\GLUECODE\makefile.*
F:\PAA\FLIC386P\LIBSRC\GLUECODE\tagslist
F:\PAA\FLIC386P\LIBSRC\GLUECODE\*.mac
F:\PAA\FLIC386P\LIBSRC\GLUECODE\*.poc
F:\PAA\FLIC386P\LIBSRC\GLUECODE\*.doc
F:\PAA\FLIC386P\LIBSRC\GLUECODE\*.obs
F:\PAA\FLIC386P\LIBSRC\GLUECODE\*.cpy
F:\PAA\FLIC386P\LIBSRC\GLUE_ENV\*.c
F:\PAA\FLIC386P\LIBSRC\GLUE_ENV\*.cc
F:\PAA\FLIC386P\LIBSRC\GLUE_ENV\*.h
F:\PAA\FLIC386P\LIBSRC\GLUE_ENV\*.asm
F:\PAA\FLIC386P\LIBSRC\GLUE_ENV\*.i*
F:\PAA\FLIC386P\LIBSRC\GLUE_ENV\*.lnk
F:\PAA\FLIC386P\LIBSRC\GLUE_ENV\*.bat
F:\PAA\FLIC386P\LIBSRC\GLUE_ENV\*.mak
F:\PAA\FLIC386P\LIBSRC\GLUE_ENV\makefile
F:\PAA\FLIC386P\LIBSRC\GLUE_ENV\makefile.*
F:\PAA\FLIC386P\LIBSRC\GLUE_ENV\tagslist
F:\PAA\FLIC386P\LIBSRC\GLUE_ENV\*.mac
F:\PAA\FLIC386P\LIBSRC\GLUE_ENV\*.poc
F:\PAA\FLIC386P\LIBSRC\GLUE_ENV\*.doc
F:\PAA\FLIC386P\LIBSRC\GLUE_ENV\*.obs
F:\PAA\FLIC386P\LIBSRC\GLUE_ENV\*.cpy
F:\PAA\FLIC386P\LIBSRC\GLUE_POE\*.c
F:\PAA\FLIC386P\LIBSRC\GLUE_POE\*.cc
F:\PAA\FLIC386P\LIBSRC\GLUE_POE\*.h
F:\PAA\FLIC386P\LIBSRC\GLUE_POE\*.asm
F:\PAA\FLIC386P\LIBSRC\GLUE_POE\*.i*
F:\PAA\FLIC386P\LIBSRC\GLUE_POE\*.lnk
F:\PAA\FLIC386P\LIBSRC\GLUE_POE\*.bat
F:\PAA\FLIC386P\LIBSRC\GLUE_POE\*.mak
F:\PAA\FLIC386P\LIBSRC\GLUE_POE\makefile
F:\PAA\FLIC386P\LIBSRC\GLUE_POE\makefile.*
F:\PAA\FLIC386P\LIBSRC\GLUE_POE\tagslist
F:\PAA\FLIC386P\LIBSRC\GLUE_POE\*.mac
F:\PAA\FLIC386P\LIBSRC\GLUE_POE\*.poc
F:\PAA\FLIC386P\LIBSRC\GLUE_POE\*.doc
F:\PAA\FLIC386P\LIBSRC\GLUE_POE\*.obs
F:\PAA\FLIC386P\LIBSRC\GLUE_POE\*.cpy
F:\PAA\FLIC386P\LIBSRC\INC\*.c
F:\PAA\FLIC386P\LIBSRC\INC\*.cc
F:\PAA\FLIC386P\LIBSRC\INC\*.h
F:\PAA\FLIC386P\LIBSRC\INC\*.asm
F:\PAA\FLIC386P\LIBSRC\INC\*.i*
F:\PAA\FLIC386P\LIBSRC\INC\*.lnk
F:\PAA\FLIC386P\LIBSRC\INC\*.bat
F:\PAA\FLIC386P\LIBSRC\INC\*.mak
F:\PAA\FLIC386P\LIBSRC\INC\makefile
F:\PAA\FLIC386P\LIBSRC\INC\makefile.*
F:\PAA\FLIC386P\LIBSRC\INC\tagslist
F:\PAA\FLIC386P\LIBSRC\INC\*.mac
F:\PAA\FLIC386P\LIBSRC\INC\*.poc
F:\PAA\FLIC386P\LIBSRC\INC\*.doc
F:\PAA\FLIC386P\LIBSRC\INC\*.obs
F:\PAA\FLIC386P\LIBSRC\INC\*.cpy
F:\PAA\FLIC386P\TEST\*.c
F:\PAA\FLIC386P\TEST\*.cc
F:\PAA\FLIC386P\TEST\*.h
F:\PAA\FLIC386P\TEST\*.asm
F:\PAA\FLIC386P\TEST\*.i*
F:\PAA\FLIC386P\TEST\*.lnk
F:\PAA\FLIC386P\TEST\*.bat
F:\PAA\FLIC386P\TEST\*.mak
F:\PAA\FLIC386P\TEST\makefile
F:\PAA\FLIC386P\TEST\makefile.*
F:\PAA\FLIC386P\TEST\tagslist
F:\PAA\FLIC386P\TEST\*.mac
F:\PAA\FLIC386P\TEST\*.poc
F:\PAA\FLIC386P\TEST\*.doc
F:\PAA\FLIC386P\TEST\*.obs
F:\PAA\FLIC386P\TEST\*.cpy
