Module: BLIT8.ASM
GROUP: 'DGROUP' CONST,_BSS,_DATA

Segment: _TEXT PARA USE16 0000005C bytes
0000                          _blit8:
0000    55                        push        bp 
0001    89 E5                     mov         bp,sp 
0003    06                        push        es 
0004    1E                        push        ds 
0005    56                        push        si 
0006    57                        push        di 
0007    53                        push        bx 
0008    51                        push        cx 
0009    9A 00 00 00 00            call        clipblit 
000E    72 42                     jb          L$3 
0010    C5 76 0E                  lds         si,dword ptr 0xe[bp] 
0013    8B 46 0C                  mov         ax,word ptr 0xc[bp] 
0016    8B 5E 12                  mov         bx,word ptr 0x12[bp] 
0019    F7 E3                     mul         bx 
001B    01 C6                     add         si,ax 
001D    03 76 0A                  add         si,word ptr 0xa[bp] 
0020    C4 7E 18                  les         di,dword ptr 0x18[bp] 
0023    8B 46 16                  mov         ax,word ptr 0x16[bp] 
0026    8B 5E 1C                  mov         bx,word ptr 0x1c[bp] 
0029    F7 E3                     mul         bx 
002B    01 C7                     add         di,ax 
002D    03 7E 14                  add         di,word ptr 0x14[bp] 
0030    89 F3                     mov         bx,si 
0032    89 FA                     mov         dx,di 
0034    FC                        cld         
0035    E9 12 00                  jmp         L$2 
0038    E9 17 00                  jmp         L$3 
003B                          L$1:
003B    8B 4E 06                  mov         cx,word ptr 0x6[bp] 
003E    89 DE                     mov         si,bx 
0040    89 D7                     mov         di,dx 
0042    F3 A4                     rep movsb   
0044    03 5E 12                  add         bx,word ptr 0x12[bp] 
0047    03 56 1C                  add         dx,word ptr 0x1c[bp] 
004A                          L$2:
004A    FF 4E 08                  dec         word ptr 0x8[bp] 
004D    78 03                     js          L$3 
004F    E9 E9 FF                  jmp         L$1 
0052                          L$3:
0052    59                        pop         cx 
0053    5B                        pop         bx 
0054    5F                        pop         di 
0055    5E                        pop         si 
0056    1F                        pop         ds 
0057    07                        pop         es 
0058    89 EC                     mov         sp,bp 
005A    5D                        pop         bp 
005B    CB                        retf        

Routine Size: 92 bytes,    Routine Base: _TEXT + 0000

No disassembly errors

Segment: _DATA PARA USE16 00000000 bytes

Segment: CONST PARA USE16 00000000 bytes

Segment: _BSS PARA USE16 00000000 bytes

BSS Size: 0 bytes

