
 Start  Stop   Length Name               Class

 00000H 01263H 01264H _TEXT              CODE
 01264H 012F9H 00096H A1B_TEXT           CODE
 012FAH 03396H 0209DH A3D_TEXT           CODE
 03397H 038F7H 00561H A3DDAT_TEXT        CODE
 038F8H 03A3AH 00143H A3DPULL_TEXT       CODE
 03A3BH 03AB9H 0007FH ALT_TEXT           CODE
 03ABAH 03C4BH 00192H ARCTAN_TEXT        CODE
 03C4CH 05433H 017E8H AUTO_TEXT          CODE
 05434H 057CEH 0039BH AUTOSEG_TEXT       CODE
 057CFH 059E6H 00218H BACKWARD_TEXT      CODE
 059E7H 05CFFH 00319H BFILE_TEXT         CODE
 05D00H 063B3H 006B4H BLUE_TEXT          CODE
 063B4H 06FC9H 00C16H BROWSE_TEXT        CODE
 06FCAH 06FCAH 00000H BRUSH_TEXT         CODE
 06FCAH 07D9EH 00DD5H CEL_TEXT           CODE
 07D9FH 080F0H 00352H CFONT_TEXT         CODE
 080F1H 0841FH 0032FH CHOICES_TEXT       CODE
 08420H 0858FH 00170H CIRCLE_TEXT        CODE
 08590H 0864FH 000C0H CLEANUP_TEXT       CODE
 08650H 0870AH 000BBH CLINE_TEXT         CODE
 0870BH 09D9FH 01695H CLUSTER_TEXT       CODE
 09DA0H 09DA0H 00000H COMMONST_TEXT      CODE
 09DA0H 0A138H 00399H COMPRS_TEXT        CODE
 0A139H 0A510H 003D8H CONFIG_TEXT        CODE
 0A511H 0A74CH 0023CH CPACK_TEXT         CODE
 0A74DH 0B044H 008F8H CSORT_TEXT         CODE
 0B045H 0B171H 0012DH CTHREAD_TEXT       CODE
 0B172H 0B172H 00000H CURSORDA_TEXT      CODE
 0B172H 0B59BH 0042AH DECODER_TEXT       CODE
 0B59CH 0B626H 0008BH DIAG_TEXT          CODE
 0B627H 0B640H 0001AH DISKERR_TEXT       CODE
 0B641H 0B87FH 0023FH DISSOLVE_TEXT      CODE
 0B880H 0BB89H 0030AH DOSSTUFF_TEXT      CODE
 0BB8AH 0BC5BH 000D2H DRAWMODE_TEXT      CODE
 0BC5CH 0BD9CH 00141H ELLIPSE_TEXT       CODE
 0BD9DH 0BEFBH 0015FH FCCOMP_TEXT        CODE
 0BEFCH 0C812H 00917H FEELMENU_TEXT      CODE
 0C813H 0C813H 00000H FILEDATA_TEXT      CODE
 0C813H 0D29AH 00A88H FILEMENU_TEXT      CODE
 0D29BH 0D6F7H 0045DH FILES_TEXT         CODE
 0D6F8H 0D904H 0020DH FINDFREE_TEXT      CODE
 0D905H 0E493H 00B8FH FLI_TEXT           CODE
 0E494H 0E8F5H 00462H FLOOD_TEXT         CODE
 0E8F6H 0ECE7H 003F2H FREEM_TEXT         CODE
 0ECE8H 0EEC4H 001DDH GEL_TEXT           CODE
 0EEC5H 0F211H 0034DH GEOMETRY_TEXT      CODE
 0F212H 0F615H 00404H GFX_TEXT           CODE
 0F616H 0FB55H 00540H GIF_TEXT           CODE
 0FB56H 0FB56H 00000H GLOBALS_TEXT       CODE
 0FB56H 0FD4CH 001F7H GRID_TEXT          CODE
 0FD4DH 100F6H 003AAH HLSTORGB_TEXT      CODE
 100F7H 10587H 00491H INIT_TEXT          CODE
 10588H 106E9H 00162H INITCMAP_TEXT      CODE
 106EAH 11198H 00AAFH INPUT_TEXT         CODE
 11199H 11B96H 009FEH JFILE_TEXT         CODE
 11B97H 1203DH 004A7H LCCOMP_TEXT        CODE
 1203EH 125CCH 0058FH MACRO_TEXT         CODE
 125CDH 127A7H 001DBH MAIN_TEXT          CODE
 127A8H 12818H 00071H MAINPULL_TEXT      CODE
 12819H 13324H 00B0CH MARQI_TEXT         CODE
 13325H 13606H 002E2H MASK_TEXT          CODE
 13607H 13CB3H 006ADH MEMORY_TEXT        CODE
 13CB4H 13CB4H 00000H MORFDATA_TEXT      CODE
 13CB4H 13CB4H 00000H MORFFACE_TEXT      CODE
 13CB4H 13CB4H 00000H MORFMENU_TEXT      CODE
 13CB4H 13CB4H 00000H MORFOBJ_TEXT       CODE
 13CB4H 13CB4H 00000H MORFPULL_TEXT      CODE
 13CB4H 13D8BH 000D8H MULTIMEN_TEXT      CODE
 13D8CH 1431FH 00594H NAMES_TEXT         CODE
 14320H 145B5H 00296H ONEPAL_TEXT        CODE
 145B6H 14CE7H 00732H OPTIONS_TEXT       CODE
 14CE8H 151FDH 00516H OVERLAY_TEXT       CODE
 151FEH 15A37H 0083AH PALET2_TEXT        CODE
 15A38H 15C25H 001EEH PALPULL_TEXT       CODE
 15C26H 16186H 00561H PENTOOLS_TEXT      CODE
 16187H 17205H 0107FH POLYTOOL_TEXT      CODE
 17206H 17571H 0036CH PSTAMP_TEXT        CODE
 17572H 17EDAH 00969H PULL_TEXT          CODE
 17EDBH 18034H 0015AH QNUMBER_TEXT       CODE
 18035H 182B2H 0027EH QUICKDAT_TEXT      CODE
 182B3H 182C5H 00013H RANDOM_TEXT        CODE
 182C6H 198D6H 01611H RENDER_TEXT        CODE
 198D7H 19D09H 00433H RFONT_TEXT         CODE
 19D0AH 1A819H 00B10H ROTATE_TEXT        CODE
 1A81AH 1AF9EH 00785H SAVEFLI_TEXT       CODE
 1AF9FH 1B20BH 0026DH SAVEPIC_TEXT       CODE
 1B20CH 1B6DCH 004D1H SCANEDGE_TEXT      CODE
 1B6DDH 1B891H 001B5H SCREEN_TEXT        CODE
 1B892H 1BFC5H 00734H SCROLLER_TEXT      CODE
 1BFC6H 1C929H 00964H SEEME_TEXT         CODE
 1C92AH 1CEB6H 0058DH SEEMENU_TEXT       CODE
 1CEB7H 1CEFDH 00047H SELBRUSH_TEXT      CODE
 1CEFEH 1D379H 0047CH SEP_TEXT           CODE
 1D37AH 1D538H 001BFH SINTAB_TEXT        CODE
 1D539H 1D539H 00000H SIXHI_TEXT         CODE
 1D539H 1DA0CH 004D4H SLIDER_TEXT        CODE
 1DA0DH 1DD0AH 002FEH SPIRAL_TEXT        CODE
 1DD0BH 1E607H 008FDH SPLICE_TEXT        CODE
 1E608H 1F2E5H 00CDEH SPLINE_TEXT        CODE
 1F2E6H 1F3D9H 000F4H SQRROOT_TEXT       CODE
 1F3DAH 1F552H 00179H STATUS_TEXT        CODE
 1F553H 1F8D9H 00387H STRETCH_TEXT       CODE
 1F8DAH 2004EH 00775H STRINGQ_TEXT       CODE
 2004FH 201BAH 0016CH SUMMA_TEXT         CODE
 201BBH 202ABH 000F1H TABLET_TEXT        CODE
 202ACH 20CC6H 00A1BH TEMPFLX_TEXT       CODE
 20CC7H 21387H 006C1H TEXTBOX_TEXT       CODE
 21388H 22216H 00E8FH TEXTEDIT_TEXT      CODE
 22217H 222B9H 000A3H TEXTWIND_TEXT      CODE
 222BAH 22400H 00147H THIKLINE_TEXT      CODE
 22401H 22BBCH 007BCH TIME_TEXT          CODE
 22BBDH 230FFH 00543H TIMEMENU_TEXT      CODE
 23100H 23840H 00741H TITLE_TEXT         CODE
 23841H 244D7H 00C97H TRUECOLO_TEXT      CODE
 244D8H 248DAH 00403H TSEG_TEXT          CODE
 248DBH 24C5BH 00381H TWEEN_TEXT         CODE
 24C5CH 24C5CH 00000H VIP_TEXT           CODE
 24C5CH 25BD1H 00F76H VPAINT_TEXT        CODE
 25BD2H 25EF2H 00321H VPSUBS_TEXT        CODE
 25EF3H 25EF3H 00000H WACOM_TEXT         CODE
 25EF3H 267EAH 008F8H WINDOW_TEXT        CODE
 267EBH 26DF9H 0060FH WORDWRAP_TEXT      CODE
 26DFAH 27340H 00547H WRITEFLI_TEXT      CODE
 27341H 2760EH 002CEH ZOOM_TEXT          CODE
 2760FH 27649H 0003BH IOERROR_TEXT       CODE
 2764AH 2767DH 00034H EXIT_TEXT          CODE
 2767EH 2767EH 00000H STKLEN_TEXT        CODE
 2767EH 276ACH 0002FH ATEXIT_TEXT        CODE
 276ADH 279BCH 00310H FMALLOC_TEXT       CODE
 279BDH 27B0EH 00152H FBRK_TEXT          CODE
 27B0FH 27B2EH 00020H SETBLOCK_TEXT      CODE
 27B2FH 27B2FH 00000H CTYPE_TEXT         CODE
 27B2FH 27B2FH 00000H FILES2_TEXT        CODE
 27B2FH 27C7BH 0014DH FSEEK_TEXT         CODE
 27C7CH 27ECCH 00251H GETC_TEXT          CODE
 27ECDH 27EE4H 00018H ISATTY_TEXT        CODE
 27EE5H 28026H 00142H SETVBUF_TEXT       CODE
 28027H 28060H 0003AH XFFLUSH_TEXT       CODE
 28061H 28125H 000C5H READ_TEXT          CODE
 28126H 28145H 00020H READA_TEXT         CODE
 28146H 282ABH 00166H WRITE_TEXT         CODE
 282ACH 282F7H 0004CH WRITEA_TEXT        CODE
 282F8H 28324H 0002DH LSEEK_TEXT         CODE
 28325H 28420H 000FCH LTOA_TEXT          CODE
 28421H 28462H 00042H STRCAT_TEXT        CODE
 28463H 2847DH 0001BH STRLEN_TEXT        CODE
 2847EH 284AFH 00032H STRCMP_TEXT        CODE
 284B0H 284D8H 00029H STRCPY_TEXT        CODE
 284D9H 284FEH 00026H MEMCPY_TEXT        CODE
 284FFH 2856EH 00070H EOF_TEXT           CODE
 2856FH 28656H 000E8H FFLUSH_TEXT        CODE
 28657H 2867AH 00024H PRINTF_TEXT        CODE
 2867BH 28945H 002CBH PUTC_TEXT          CODE
 28946H 28990H 0004BH PUTS_TEXT          CODE
 28991H 28EE2H 00552H VPRINTER_TEXT      CODE
 28EE3H 29206H 00324H FFREE_TEXT         CODE
 29207H 29290H 0008AH ATOL_TEXT          CODE
 29291H 292C8H 00038H CLOCK_TEXT         CODE
 292C9H 29311H 00049H CTRLBRK_TEXT       CODE
 29312H 29334H 00023H GETVECT_TEXT       CODE
 29335H 293DBH 000A7H HARDERR_TEXT       CODE
 293DCH 29447H 0006CH SETJMP_TEXT        CODE
 29448H 294CDH 00086H SPRINTF_TEXT       CODE
 294CEH 29500H 00033H STRNCPY_TEXT       CODE
 29501H 29516H 00016H BDOS_TEXT          CODE
 29520H 33A8FH 0A570H _DATA              DATA
 33A90H 33A93H 00004H _EMUSEG            DATA
 33A94H 33A95H 00002H _CRTSEG            DATA
 33A96H 33A99H 00004H _CVTSEG            DATA
 33A9AH 33AA5H 0000CH _SCNSEG            DATA
 33AA6H 354EFH 01A4AH _BSS               BSS
 354F0H 354F0H 00000H _BSSEND            STACK
 354F0H 355D5H 000E6H _STACK             STACK
 355D6H 355D6H 00000H CONST              CONST

Program entry point at 0000:0000

