pj_blitrect.........blitrect            pj_clear_rast........clearas
pj_clipbox_make.....makecbox            pj_close_raster.....closeras
pj_cmap_alloc.......cmallocc            pj_cmap_copy........cmapcopy
pj_cmap_free........cmapfree            pj_cmap_load........cmapload
pj_get_dot..........rcgetdot            pj_get_hseg.........get_hseg
pj_get_rectpix.......getrpix            pj_get_vseg.........get_vseg
pj_mask1blit........mask1bli            pj_mask2blit........mask2bli
pj_put_dot..........rcputdot            pj_put_hseg.........put_hseg
pj_put_rectpix.......putrpix            pj_put_vseg.........put_vseg
pj_rast_free........freerast            
pj_rcel_bytemap_alloc.......................................getbymrc
pj_rcel_bytemap_open........................................opnbymrc
pj_rcel_close.......closrcel            pj_rcel_free........freercel
pj_rcel_make_virtual........................................virtuarc
pj_set_colors.......rcsetcol            pj_set_hline........sethline
pj_set_rast.........rcsetras            pj_set_rect.........set_rect
pj_set_vline........setvline            pj_swaprect.........swaprect
pj_tblitrect.........tblirec            pj_unbrun_rect......rcunbrun
pj_uncc256..........rcset256            pj_uncc64............rcset64
pj_unlccomp_rect....rculccmp            pj_unss2_rect........rcunss2
pj_wait_rast_vsync..rcwaitvs            pj_xor_rast.........xor_rast
pj_xor_rect.........xor_rect            pj_zoomblit.........zoomblit
pj__blitrect........_blitrec            pj__get_dot.........rc_getdo
pj__get_hseg........rc_ghseg            pj__get_rectpix.....rc_grpix
pj__get_vseg........rc_gvseg            pj__mask1blit.......rc_msk1b
pj__mask2blit.......rc_msk2b            pj__put_dot..........rc_pdot
pj__put_hseg........rc_phseg            pj__put_rectpix.....rc_prpix
pj__put_vseg........rc_pvseg            pj__set_hline.......rc_shlin
pj__set_rect........rc_setre            pj__set_vline.......rc_svlin
pj__swaprect........_swaprec            pj__tblitrect......._tblirec
pj__xor_rect........rc_xorec            

zoomblit      Offset=00000010H
  pj_zoomblit     

xor_rect      Offset=000000a0H
  pj_xor_rect     

xor_rast      Offset=00000130H
  pj_xor_rast     

virtuarc      Offset=000001c0H
  pj_rcel_make_virtual              

tblirec       Offset=00000260H
  pj_tblitrect    

swaprect      Offset=000002f0H
  pj_swaprect     

setvline      Offset=00000380H
  pj_set_vline    

sethline      Offset=00000410H
  pj_set_hline    

set_rect      Offset=000004a0H
  pj_set_rect     

rcwaitvs      Offset=00000530H
  pj_wait_rast_vsync                

rcunss2       Offset=000005b0H
  pj_unss2_rect   

rcunbrun      Offset=00000630H
  pj_unbrun_rect  

rculccmp      Offset=000006b0H
  pj_unlccomp_rect 

rcsetras      Offset=00000730H
  pj_set_rast     

rcsetcol      Offset=000007b0H
  pj_set_colors   

rcset64       Offset=00000830H
  pj_uncc64       

rcset256      Offset=000008b0H
  pj_uncc256      

rcputdot      Offset=00000930H
  pj_put_dot      

rcgetdot      Offset=000009b0H
  pj_get_dot      

rc_xorec      Offset=00000a30H
  pj__xor_rect    

rc_svlin      Offset=00000ab0H
  pj__set_vline   

rc_shlin      Offset=00000b30H
  pj__set_hline   

rc_setre      Offset=00000bb0H
  pj__set_rect    

rc_pvseg      Offset=00000c30H
  pj__put_vseg    

rc_prpix      Offset=00000cb0H
  pj__put_rectpix 

rc_phseg      Offset=00000d30H
  pj__put_hseg    

rc_pdot       Offset=00000db0H
  pj__put_dot     

rc_msk2b      Offset=00000e30H
  pj__mask2blit   

rc_msk1b      Offset=00000eb0H
  pj__mask1blit   

rc_gvseg      Offset=00000f30H
  pj__get_vseg    

rc_grpix      Offset=00000fb0H
  pj__get_rectpix 

rc_ghseg      Offset=00001030H
  pj__get_hseg    

rc_getdo      Offset=000010b0H
  pj__get_dot     

putrpix       Offset=00001130H
  pj_put_rectpix  

put_vseg      Offset=000011c0H
  pj_put_vseg     

put_hseg      Offset=00001250H
  pj_put_hseg     

opnbymrc      Offset=000012e0H
  pj_rcel_bytemap_open              

mask2bli      Offset=00001380H
  pj_mask2blit    

mask1bli      Offset=00001410H
  pj_mask1blit    

makecbox      Offset=000014a0H
  pj_clipbox_make 

getrpix       Offset=00001530H
  pj_get_rectpix  

getbymrc      Offset=000015c0H
  pj_rcel_bytemap_alloc             

get_vseg      Offset=00001660H
  pj_get_vseg     

get_hseg      Offset=000016f0H
  pj_get_hseg     

freercel      Offset=00001780H
  pj_rcel_free    

freerast      Offset=00001810H
  pj_rast_free    

cmapload      Offset=000018a0H
  pj_cmap_load    

cmapfree      Offset=00001930H
  pj_cmap_free    

cmapcopy      Offset=000019c0H
  pj_cmap_copy    

cmallocc      Offset=00001a50H
  pj_cmap_alloc   

closrcel      Offset=00001ae0H
  pj_rcel_close   

closeras      Offset=00001b80H
  pj_close_raster 

clearas       Offset=00001c10H
  pj_clear_rast   

blitrect      Offset=00001ca0H
  pj_blitrect     

_tblirec      Offset=00001d30H
  pj__tblitrect   

_swaprec      Offset=00001dc0H
  pj__swaprect    

_blitrec      Offset=00001e50H
  pj__blitrect    
